
Rueckmeldung bei einricht spandsp:
Metadaten von Repository 'Aktualisierungs-Repository (DEBUG)' abrufen [..fertig]
Cache für Repository 'Aktualisierungs-Repository (DEBUG)' erzeugen [....fertig]
Metadaten von Repository 'Hauptaktualisierungs-Repository' abrufen [.......fertig]
Cache für Repository 'Hauptaktualisierungs-Repository' erzeugen [....fertig]
Metadaten von Repository 'Aktualisierungs-Repository (Debug)' abrufen [.fertig]
Cache für Repository 'Aktualisierungs-Repository (Debug)' erzeugen [....fertig]
Metadaten von Repository 'Hauptaktualisierungs-Repository' abrufen [.fertig]
Cache für Repository 'Hauptaktualisierungs-Repository' erzeugen [....fertig]
Repository-Daten werden geladen...
Installierte Pakete werden gelesen...
IP: ''

Rueckmeldung bei einricht spandsp:
Repository-Daten werden geladen...
Installierte Pakete werden gelesen...
IP: ''

Rueckmeldung bei einricht spandsp:
IP: ''

Rueckmeldung bei einricht spandsp-devel:
Repository-Daten werden geladen...
Installierte Pakete werden gelesen...
Installation von 'spandsp-devel-0.0.6-lp151.2.2.x86_64' aus Repository 'Haupt-Repository (OSS)' wird erzwungen.
Paketabhängigkeiten werden aufgelöst...

Das folgende NEUE Paket wird installiert:
  spandsp-devel

1 neues Paket zu installieren.
Gesamtgröße des Downloads: 146,8 KiB. Bereits im Cache gespeichert: 0 B. Nach der Operation werden zusätzlich 843,7 KiB belegt.
Fortfahren? [j/n/v/...? zeigt alle Optionen] (j): j
Paket spandsp-devel-0.0.6-lp151.2.2.x86_64 abrufen (1/1), 146,8 KiB (843,7 KiB entpackt)
Abrufen: spandsp-devel-0.0.6-lp151.2.2.x86_64.rpm [.fertig]
Überprüfung auf Dateikonflikte läuft: [....fertig]
(1/1) Installieren: spandsp-devel-0.0.6-lp151.2.2.x86_64 [............fertig]
IP: ''

Rueckmeldung bei einricht cscope:
Repository-Daten werden geladen...
Installierte Pakete werden gelesen...
Installation von 'cscope-15.8b-lp151.2.3.x86_64' aus Repository 'Haupt-Repository (OSS)' wird erzwungen.
Paketabhängigkeiten werden aufgelöst...

Das folgende NEUE Paket wird installiert:
  cscope

1 neues Paket zu installieren.
Gesamtgröße des Downloads: 0 B. Bereits im Cache gespeichert: 204,6 KiB. Nach der Operation werden zusätzlich 1,2 MiB belegt.
Fortfahren? [j/n/v/...? zeigt alle Optionen] (j): j
Im Cache cscope-15.8b-lp151.2.3.x86_64.rpm (1/1), 204,6 KiB (  1,2 MiB entpackt)
Überprüfung auf Dateikonflikte läuft: [.......fertig]
(1/1) Installieren: cscope-15.8b-lp151.2.3.x86_64 [............fertig]
IP: ''

Rueckmeldung bei einricht libsnd-devel:
Repository-Daten werden geladen...
Installierte Pakete werden gelesen...
IP: ''

Rueckmeldung bei einricht libsndfile-devel:
Repository-Daten werden geladen...
Installierte Pakete werden gelesen...
Installation von 'libsndfile-devel-1.0.28-lp151.4.3.x86_64' aus Repository 'Haupt-Repository (OSS)' wird erzwungen.
Paketabhängigkeiten werden aufgelöst...

Das folgende NEUE Paket wird installiert:
  libsndfile-devel

1 neues Paket zu installieren.
Gesamtgröße des Downloads: 163,3 KiB. Bereits im Cache gespeichert: 0 B. Nach der Operation werden zusätzlich 610,6 KiB belegt.
Fortfahren? [j/n/v/...? zeigt alle Optionen] (j): j
Paket libsndfile-devel-1.0.28-lp151.4.3.x86_64 abrufen (1/1), 163,3 KiB (610,6 KiB entpackt)
Abrufen: libsndfile-devel-1.0.28-lp151.4.3.x86_64.rpm [.fertig (600,4 KiB/s)]
Überprüfung auf Dateikonflikte läuft: [.......fertig]
(1/1) Installieren: libsndfile-devel-1.0.28-lp151.4.3.x86_64 [...........fertig]
IP: ''

Rueckmeldung bei einricht libgssdp-devel:
Repository-Daten werden geladen...
Installierte Pakete werden gelesen...
Installation von 'libgssdp-devel-1.0.2-lp151.2.2.x86_64' aus Repository 'Haupt-Repository (OSS)' wird erzwungen.
Paketabhängigkeiten werden aufgelöst...

Die folgenden 2 NEUEN Pakete werden installiert:
  libgssdp-devel typelib-1_0-GSSDP-1_0

2 neue Pakete zu installieren.
Gesamtgröße des Downloads: 63,6 KiB. Bereits im Cache gespeichert: 0 B. Nach der Operation werden zusätzlich 204,9 KiB belegt.
Fortfahren? [j/n/v/...? zeigt alle Optionen] (j): j
Paket typelib-1_0-GSSDP-1_0-1.0.2-lp151.2.2.x86_64 abrufen (1/2),  20,7 KiB (  5,8 KiB entpackt)
Abrufen: typelib-1_0-GSSDP-1_0-1.0.2-lp151.2.2.x86_64.rpm [.fertig (989 B/s)]
Paket libgssdp-devel-1.0.2-lp151.2.2.x86_64 abrufen (2/2),  42,9 KiB (199,1 KiB entpackt)
Abrufen: libgssdp-devel-1.0.2-lp151.2.2.x86_64.rpm [fertig]
Überprüfung auf Dateikonflikte läuft: [....fertig]
(1/2) Installieren: typelib-1_0-GSSDP-1_0-1.0.2-lp151.2.2.x86_64 [....fertig]
(2/2) Installieren: libgssdp-devel-1.0.2-lp151.2.2.x86_64 [.........fertig]
IP: ''

Rueckmeldung bei einricht libgssdp-devel:
Repository-Daten werden geladen...
Installierte Pakete werden gelesen...
Installation von 'libgssdp-devel-1.0.2-lp151.2.2.x86_64' aus Repository 'Haupt-Repository (OSS)' wird erzwungen.
Paketabhängigkeiten werden aufgelöst...

Das folgende Paket wird erneut installiert:
  libgssdp-devel

1 zu installierendes Paket.
Gesamtgröße des Downloads: 0 B. Bereits im Cache gespeichert: 42,9 KiB. Nach diesem Vorgang wird kein zusätzlicher Speicherplatz belegt oder freigegeben.
Fortfahren? [j/n/v/...? zeigt alle Optionen] (j): j
Im Cache libgssdp-devel-1.0.2-lp151.2.2.x86_64.rpm (1/1),  42,9 KiB (199,1 KiB entpackt)
Überprüfung auf Dateikonflikte läuft: [....fertig]
(1/1) Installieren: libgssdp-devel-1.0.2-lp151.2.2.x86_64 [.........fertig]
IP: ''

Rueckmeldung bei einricht libgssdp-devel:
Repository-Daten werden geladen...
Installierte Pakete werden gelesen...
Installation von 'libgssdp-devel-1.0.2-lp151.2.2.x86_64' aus Repository 'Haupt-Repository (OSS)' wird erzwungen.
Paketabhängigkeiten werden aufgelöst...

Das folgende Paket wird erneut installiert:
  libgssdp-devel

1 zu installierendes Paket.
Gesamtgröße des Downloads: 0 B. Bereits im Cache gespeichert: 42,9 KiB. Nach diesem Vorgang wird kein zusätzlicher Speicherplatz belegt oder freigegeben.
Fortfahren? [j/n/v/...? zeigt alle Optionen] (j): j
Im Cache libgssdp-devel-1.0.2-lp151.2.2.x86_64.rpm (1/1),  42,9 KiB (199,1 KiB entpackt)
Überprüfung auf Dateikonflikte läuft: [....fertig]
(1/1) Installieren: libgssdp-devel-1.0.2-lp151.2.2.x86_64 [.........fertig]
IP: ''

Rueckmeldung bei einricht libcapi20-3:
Repository-Daten werden geladen...
Installierte Pakete werden gelesen...
Installation von 'libcapi20-3-2011.8.29-lp151.7.57.x86_64' aus Repository 'Haupt-Repository (OSS)' wird erzwungen.
Paketabhängigkeiten werden aufgelöst...

Das folgende Paket wird erneut installiert:
  libcapi20-3

1 zu installierendes Paket.
Gesamtgröße des Downloads: 0 B. Bereits im Cache gespeichert: 26,0 KiB. Nach diesem Vorgang wird kein zusätzlicher Speicherplatz belegt oder freigegeben.
Fortfahren? [j/n/v/...? zeigt alle Optionen] (j): j
Im Cache libcapi20-3-2011.8.29-lp151.7.57.x86_64.rpm (1/1),  26,0 KiB ( 50,6 KiB entpackt)
Überprüfung auf Dateikonflikte läuft: [...fertig]
(1/1) Installieren: libcapi20-3-2011.8.29-lp151.7.57.x86_64 [.....fertig]
IP: ''

Rueckmeldung bei einricht libgssdp-devel:
Repository-Daten werden geladen...
Installierte Pakete werden gelesen...
Installation von 'libgssdp-devel-1.0.2-lp151.2.2.x86_64' aus Repository 'Haupt-Repository (OSS)' wird erzwungen.
Paketabhängigkeiten werden aufgelöst...

Das folgende Paket wird erneut installiert:
  libgssdp-devel

1 zu installierendes Paket.
Gesamtgröße des Downloads: 0 B. Bereits im Cache gespeichert: 42,9 KiB. Nach diesem Vorgang wird kein zusätzlicher Speicherplatz belegt oder freigegeben.
Fortfahren? [j/n/v/...? zeigt alle Optionen] (j): j
Im Cache libgssdp-devel-1.0.2-lp151.2.2.x86_64.rpm (1/1),  42,9 KiB (199,1 KiB entpackt)
Überprüfung auf Dateikonflikte läuft: [....fertig]
(1/1) Installieren: libgssdp-devel-1.0.2-lp151.2.2.x86_64 [.........fertig]
IP: ''

Rueckmeldung bei einricht libcapi20-3:
Repository-Daten werden geladen...
Installierte Pakete werden gelesen...
Installation von 'libcapi20-3-2011.8.29-lp151.7.57.x86_64' aus Repository 'Haupt-Repository (OSS)' wird erzwungen.
Paketabhängigkeiten werden aufgelöst...

Das folgende Paket wird erneut installiert:
  libcapi20-3

1 zu installierendes Paket.
Gesamtgröße des Downloads: 0 B. Bereits im Cache gespeichert: 26,0 KiB. Nach diesem Vorgang wird kein zusätzlicher Speicherplatz belegt oder freigegeben.
Fortfahren? [j/n/v/...? zeigt alle Optionen] (j): j
Im Cache libcapi20-3-2011.8.29-lp151.7.57.x86_64.rpm (1/1),  26,0 KiB ( 50,6 KiB entpackt)
Überprüfung auf Dateikonflikte läuft: [...fertig]
(1/1) Installieren: libcapi20-3-2011.8.29-lp151.7.57.x86_64 [.....fertig]
IP: ''

Rueckmeldung bei einricht libcapi20-3:
Repository-Daten werden geladen...
Installierte Pakete werden gelesen...
Installation von 'libcapi20-3-2011.8.29-lp151.7.57.x86_64' aus Repository 'Haupt-Repository (OSS)' wird erzwungen.
Paketabhängigkeiten werden aufgelöst...

Das folgende Paket wird erneut installiert:
  libcapi20-3

1 zu installierendes Paket.
Gesamtgröße des Downloads: 0 B. Bereits im Cache gespeichert: 26,0 KiB. Nach diesem Vorgang wird kein zusätzlicher Speicherplatz belegt oder freigegeben.
Fortfahren? [j/n/v/...? zeigt alle Optionen] (j): j
Im Cache libcapi20-3-2011.8.29-lp151.7.57.x86_64.rpm (1/1),  26,0 KiB ( 50,6 KiB entpackt)
Überprüfung auf Dateikonflikte läuft: [...fertig]
(1/1) Installieren: libcapi20-3-2011.8.29-lp151.7.57.x86_64 [.....fertig]
IP: ''

Rueckmeldung bei einricht libcapi20-3 capi4linux:
Repository-Daten werden geladen...
Installierte Pakete werden gelesen...
Installation von 'capi4linux-2011.8.29-lp151.7.57.x86_64' aus Repository 'Haupt-Repository (OSS)' wird erzwungen.
Installation von 'libcapi20-3-2011.8.29-lp151.7.57.x86_64' aus Repository 'Haupt-Repository (OSS)' wird erzwungen.
Paketabhängigkeiten werden aufgelöst...

Die folgenden 2 NEUEN Pakete werden installiert:
  capi4linux libcapi20-3

2 neue Pakete zu installieren.
Gesamtgröße des Downloads: 0 B. Bereits im Cache gespeichert: 138,8 KiB. Nach der Operation werden zusätzlich 361,7 KiB belegt.
Fortfahren? [j/n/v/...? zeigt alle Optionen] (j): j
Im Cache libcapi20-3-2011.8.29-lp151.7.57.x86_64.rpm (1/2),  26,0 KiB ( 50,6 KiB entpackt)
Im Cache capi4linux-2011.8.29-lp151.7.57.x86_64.rpm (2/2), 112,9 KiB (311,1 KiB entpackt)
Überprüfung auf Dateikonflikte läuft: [......fertig]
(1/2) Installieren: libcapi20-3-2011.8.29-lp151.7.57.x86_64 [.....fertig]
(2/2) Installieren: capi4linux-2011.8.29-lp151.7.57.x86_64 [...........fertig]
IP: ''

Rueckmeldung bei einricht glib-2.0:
Repository-Daten werden geladen...
Installierte Pakete werden gelesen...
IP: ''

Rueckmeldung bei einricht libtermcap:
Repository-Daten werden geladen...
Installierte Pakete werden gelesen...
IP: ''

Rueckmeldung bei einricht termcap:
Repository-Daten werden geladen...
Installierte Pakete werden gelesen...
Installation von 'termcap-2.0.8-lp151.1027.3.x86_64' aus Repository 'Haupt-Repository (OSS)' wird erzwungen.
Paketabhängigkeiten werden aufgelöst...

Das folgende NEUE Paket wird installiert:
  termcap

1 neues Paket zu installieren.
Gesamtgröße des Downloads: 0 B. Bereits im Cache gespeichert: 187,9 KiB. Nach der Operation werden zusätzlich 579,7 KiB belegt.
Fortfahren? [j/n/v/...? zeigt alle Optionen] (j): j
Im Cache termcap-2.0.8-lp151.1027.3.x86_64.rpm (1/1), 187,9 KiB (579,7 KiB entpackt)
Überprüfung auf Dateikonflikte läuft: [...fertig]
(1/1) Installieren: termcap-2.0.8-lp151.1027.3.x86_64 [............fertig]
IP: ''

Rueckmeldung bei einricht libcapi20-3:
Repository-Daten werden geladen...
Installierte Pakete werden gelesen...
Installation von 'libcapi20-3-2011.8.29-lp151.7.57.x86_64' aus Repository 'openSUSE-Leap-15.1-1' wird erzwungen.
Paketabhängigkeiten werden aufgelöst...

Das folgende Paket wird erneut installiert:
  libcapi20-3

1 zu installierendes Paket.
Gesamtgröße des Downloads: 0 B. Bereits im Cache gespeichert: 26,0 KiB. Nach diesem Vorgang wird kein zusätzlicher Speicherplatz belegt oder freigegeben.
Fortfahren? [j/n/v/...? zeigt alle Optionen] (j): j
Im Cache libcapi20-3-2011.8.29-lp151.7.57.x86_64.rpm (1/1),  26,0 KiB ( 50,6 KiB entpackt)

Überprüfung auf Dateikonflikte läuft: [...fertig]
(1/1) Installieren: libcapi20-3-2011.8.29-lp151.7.57.x86_64 [.....fertig]
IP: ''

Rueckmeldung bei einricht libcapi20-3:
Repository-Daten werden geladen...
Installierte Pakete werden gelesen...
Installation von 'libcapi20-3-2011.8.29-lp151.7.57.x86_64' aus Repository 'openSUSE-Leap-15.1-1' wird erzwungen.
Paketabhängigkeiten werden aufgelöst...

Das folgende Paket wird erneut installiert:
  libcapi20-3

1 zu installierendes Paket.
Gesamtgröße des Downloads: 0 B. Bereits im Cache gespeichert: 26,0 KiB. Nach diesem Vorgang wird kein zusätzlicher Speicherplatz belegt oder freigegeben.
Fortfahren? [j/n/v/...? zeigt alle Optionen] (j): j
Im Cache libcapi20-3-2011.8.29-lp151.7.57.x86_64.rpm (1/1),  26,0 KiB ( 50,6 KiB entpackt)

Überprüfung auf Dateikonflikte läuft: [...fertig]
(1/1) Installieren: libcapi20-3-2011.8.29-lp151.7.57.x86_64 [.....fertig]
IP: ''

Rueckmeldung bei einricht libcapi20-3:
Repository-Daten werden geladen...
Installierte Pakete werden gelesen...
Installation von 'libcapi20-3-2011.8.29-lp151.7.57.x86_64' aus Repository 'openSUSE-Leap-15.1-1' wird erzwungen.
Paketabhängigkeiten werden aufgelöst...

Das folgende Paket wird erneut installiert:
  libcapi20-3

1 zu installierendes Paket.
Gesamtgröße des Downloads: 0 B. Bereits im Cache gespeichert: 26,0 KiB. Nach diesem Vorgang wird kein zusätzlicher Speicherplatz belegt oder freigegeben.
Fortfahren? [j/n/v/...? zeigt alle Optionen] (j): j
Im Cache libcapi20-3-2011.8.29-lp151.7.57.x86_64.rpm (1/1),  26,0 KiB ( 50,6 KiB entpackt)

Überprüfung auf Dateikonflikte läuft: [...fertig]
(1/1) Installieren: libcapi20-3-2011.8.29-lp151.7.57.x86_64 [.....fertig]
IP: ''

Rueckmeldung bei einricht libcapi20-3:
Repository-Daten werden geladen...
Installierte Pakete werden gelesen...
Installation von 'libcapi20-3-2011.8.29-lp151.7.57.x86_64' aus Repository 'openSUSE-Leap-15.1-1' wird erzwungen.
Paketabhängigkeiten werden aufgelöst...

Das folgende Paket wird erneut installiert:
  libcapi20-3

1 zu installierendes Paket.
Gesamtgröße des Downloads: 0 B. Bereits im Cache gespeichert: 26,0 KiB. Nach diesem Vorgang wird kein zusätzlicher Speicherplatz belegt oder freigegeben.
Fortfahren? [j/n/v/...? zeigt alle Optionen] (j): j
Im Cache libcapi20-3-2011.8.29-lp151.7.57.x86_64.rpm (1/1),  26,0 KiB ( 50,6 KiB entpackt)

Überprüfung auf Dateikonflikte läuft: [...fertig]
(1/1) Installieren: libcapi20-3-2011.8.29-lp151.7.57.x86_64 [.....fertig]
IP: ''

Rueckmeldung bei einricht libcapi20-3:
Repository-Daten werden geladen...
Installierte Pakete werden gelesen...
Installation von 'libcapi20-3-2011.8.29-lp151.7.57.x86_64' aus Repository 'openSUSE-Leap-15.1-1' wird erzwungen.
Paketabhängigkeiten werden aufgelöst...

Das folgende Paket wird erneut installiert:
  libcapi20-3

1 zu installierendes Paket.
Gesamtgröße des Downloads: 0 B. Bereits im Cache gespeichert: 26,0 KiB. Nach diesem Vorgang wird kein zusätzlicher Speicherplatz belegt oder freigegeben.
Fortfahren? [j/n/v/...? zeigt alle Optionen] (j): j
Im Cache libcapi20-3-2011.8.29-lp151.7.57.x86_64.rpm (1/1),  26,0 KiB ( 50,6 KiB entpackt)

Überprüfung auf Dateikonflikte läuft: [...fertig]
(1/1) Installieren: libcapi20-3-2011.8.29-lp151.7.57.x86_64 [.....fertig]
IP: ''

Rueckmeldung bei einricht libcapi20-3:
Repository-Daten werden geladen...
Installierte Pakete werden gelesen...
Installation von 'libcapi20-3-2011.8.29-lp151.7.57.x86_64' aus Repository 'openSUSE-Leap-15.1-1' wird erzwungen.
Paketabhängigkeiten werden aufgelöst...

Das folgende Paket wird erneut installiert:
  libcapi20-3

1 zu installierendes Paket.
Gesamtgröße des Downloads: 0 B. Bereits im Cache gespeichert: 26,0 KiB. Nach diesem Vorgang wird kein zusätzlicher Speicherplatz belegt oder freigegeben.
Fortfahren? [j/n/v/...? zeigt alle Optionen] (j): j
Im Cache libcapi20-3-2011.8.29-lp151.7.57.x86_64.rpm (1/1),  26,0 KiB ( 50,6 KiB entpackt)

Überprüfung auf Dateikonflikte läuft: [...fertig]
(1/1) Installieren: libcapi20-3-2011.8.29-lp151.7.57.x86_64 [.....fertig]
IP: ''

Rueckmeldung bei einricht libcapi20-3:
Repository-Daten werden geladen...
Installierte Pakete werden gelesen...
Installation von 'libcapi20-3-2011.8.29-lp151.7.57.x86_64' aus Repository 'openSUSE-Leap-15.1-1' wird erzwungen.
Paketabhängigkeiten werden aufgelöst...

Das folgende Paket wird erneut installiert:
  libcapi20-3

1 zu installierendes Paket.
Gesamtgröße des Downloads: 0 B. Bereits im Cache gespeichert: 26,0 KiB. Nach diesem Vorgang wird kein zusätzlicher Speicherplatz belegt oder freigegeben.
Fortfahren? [j/n/v/...? zeigt alle Optionen] (j): j
Im Cache libcapi20-3-2011.8.29-lp151.7.57.x86_64.rpm (1/1),  26,0 KiB ( 50,6 KiB entpackt)

Überprüfung auf Dateikonflikte läuft: [...fertig]
(1/1) Installieren: libcapi20-3-2011.8.29-lp151.7.57.x86_64 [.....fertig]
IP: ''

Rueckmeldung bei einricht libcapi20-3:
Metadaten von Repository 'Hauptaktualisierungs-Repository' abrufen [......fertig]
Cache für Repository 'Hauptaktualisierungs-Repository' erzeugen [....fertig]
Repository-Daten werden geladen...
Installierte Pakete werden gelesen...
Installation von 'libcapi20-3-2011.8.29-lp151.7.57.x86_64' aus Repository 'openSUSE-Leap-15.1-1' wird erzwungen.
Paketabhängigkeiten werden aufgelöst...

Das folgende Paket wird erneut installiert:
  libcapi20-3

1 zu installierendes Paket.
Gesamtgröße des Downloads: 0 B. Bereits im Cache gespeichert: 26,0 KiB. Nach diesem Vorgang wird kein zusätzlicher Speicherplatz belegt oder freigegeben.
Fortfahren? [j/n/v/...? zeigt alle Optionen] (j): j
Im Cache libcapi20-3-2011.8.29-lp151.7.57.x86_64.rpm (1/1),  26,0 KiB ( 50,6 KiB entpackt)

Überprüfung auf Dateikonflikte läuft: [...fertig]
(1/1) Installieren: libcapi20-3-2011.8.29-lp151.7.57.x86_64 [.....fertig]
IP: ''

Rueckmeldung bei einricht libcom_err-devel:
Repository-Daten werden geladen...
Installierte Pakete werden gelesen...
Installation von 'libcom_err-devel-1.43.8-lp151.5.9.1.x86_64' aus Repository 'Hauptaktualisierungs-Repository' wird erzwungen.
Paketabhängigkeiten werden aufgelöst...

Das folgende NEUE Paket wird installiert:
  libcom_err-devel

1 neues Paket zu installieren.
Gesamtgröße des Downloads: 25,9 KiB. Bereits im Cache gespeichert: 0 B. Nach der Operation werden zusätzlich 26,7 KiB belegt.
Fortfahren? [j/n/v/...? zeigt alle Optionen] (j): j
Paket libcom_err-devel-1.43.8-lp151.5.9.1.x86_64 abrufen (1/1),  25,9 KiB ( 26,7 KiB entpackt)
Abrufen: libcom_err-devel-1.43.8-lp151.5.9.1.x86_64.rpm [fertig]

Überprüfung auf Dateikonflikte läuft: [....fertig]
(1/1) Installieren: libcom_err-devel-1.43.8-lp151.5.9.1.x86_64 [.........fertig]
IP: ''

Rueckmeldung bei einricht libcapi20-3:
Repository-Daten werden geladen...
Installierte Pakete werden gelesen...
Installation von 'libcapi20-3-2011.8.29-lp151.7.57.x86_64' aus Repository 'openSUSE-Leap-15.1-1' wird erzwungen.
Paketabhängigkeiten werden aufgelöst...

Das folgende NEUE Paket wird installiert:
  libcapi20-3

1 neues Paket zu installieren.
Gesamtgröße des Downloads: 0 B. Bereits im Cache gespeichert: 26,0 KiB. Nach der Operation werden zusätzlich 50,6 KiB belegt.
Fortfahren? [j/n/v/...? zeigt alle Optionen] (j): j
Im Cache libcapi20-3-2011.8.29-lp151.7.57.x86_64.rpm (1/1),  26,0 KiB ( 50,6 KiB entpackt)

Überprüfung auf Dateikonflikte läuft: [...fertig]
(1/1) Installieren: libcapi20-3-2011.8.29-lp151.7.57.x86_64 [.....fertig]
IP: ''

Rueckmeldung bei einricht libcapi20-3:
Repository-Daten werden geladen...
Installierte Pakete werden gelesen...
Installation von 'libcapi20-3-2011.8.29-lp151.7.57.x86_64' aus Repository 'openSUSE-Leap-15.1-1' wird erzwungen.
Paketabhängigkeiten werden aufgelöst...

Das folgende NEUE Paket wird installiert:
  libcapi20-3

1 neues Paket zu installieren.
Gesamtgröße des Downloads: 0 B. Bereits im Cache gespeichert: 26,0 KiB. Nach der Operation werden zusätzlich 50,6 KiB belegt.
Fortfahren? [j/n/v/...? zeigt alle Optionen] (j): j
Im Cache libcapi20-3-2011.8.29-lp151.7.57.x86_64.rpm (1/1),  26,0 KiB ( 50,6 KiB entpackt)

Überprüfung auf Dateikonflikte läuft: [...fertig]
(1/1) Installieren: libcapi20-3-2011.8.29-lp151.7.57.x86_64 [.....fertig]
IP: ''

Rueckmeldung bei einricht ctags:
Repository-Daten werden geladen...
Installierte Pakete werden gelesen...
Installation von 'ctags-5.8-lp151.2.3.x86_64' aus Repository 'openSUSE-Leap-15.1-1' wird erzwungen.
Paketabhängigkeiten werden aufgelöst...

Das folgende NEUE Paket wird installiert:
  ctags

1 neues Paket zu installieren.
Gesamtgröße des Downloads: 143,1 KiB. Bereits im Cache gespeichert: 0 B. Nach der Operation werden zusätzlich 337,5 KiB belegt.
Fortfahren? [j/n/v/...? zeigt alle Optionen] (j): j
Paket ctags-5.8-lp151.2.3.x86_64 abrufen (1/1), 143,1 KiB (337,5 KiB entpackt)
Abrufen: ctags-5.8-lp151.2.3.x86_64.rpm [.fertig]

Überprüfung auf Dateikonflikte läuft: [.......fertig]
(1/1) Installieren: ctags-5.8-lp151.2.3.x86_64 [.........fertig]
Zusätzliche rpm-Ausgabe:
update-alternatives: using /usr/bin/ctags-exuberant to provide /usr/bin/ctags (ctags) in auto mode


IP: ''

Rueckmeldung bei einricht global:
Repository-Daten werden geladen...
Installierte Pakete werden gelesen...
Installation von 'global-6.6.1-lp151.2.3.x86_64' aus Repository 'openSUSE-Leap-15.1-1' wird erzwungen.
Paketabhängigkeiten werden aufgelöst...

Die folgenden 5 NEUEN Pakete werden installiert:
  global idutils idutils-lang libpython2_7-1_0 python-base

Die folgenden 2 empfohlenen Pakete wurden automatisch gewählt:
  idutils idutils-lang

5 neue Pakete zu installieren.
Gesamtgröße des Downloads: 7,5 MiB. Bereits im Cache gespeichert: 0 B. Nach der Operation werden zusätzlich 30,6 MiB belegt.
Fortfahren? [j/n/v/...? zeigt alle Optionen] (j): j
Paket idutils-4.6-lp151.2.3.x86_64 abrufen (1/5), 145,3 KiB (896,0 KiB entpackt)
Abrufen: idutils-4.6-lp151.2.3.x86_64.rpm [fertig]
Paket idutils-lang-4.6-lp151.2.3.noarch abrufen (2/5),  54,2 KiB (285,8 KiB entpackt)
Abrufen: idutils-lang-4.6-lp151.2.3.noarch.rpm [.fertig]
Paket libpython2_7-1_0-2.7.14-lp151.10.13.2.x86_64 abrufen (3/5), 818,8 KiB (  2,1 MiB entpackt)
Abrufen: libpython2_7-1_0-2.7.14-lp151.10.13.2.x86_64.rpm [fertig]
Paket python-base-2.7.14-lp151.10.13.2.x86_64 abrufen (4/5),   5,6 MiB ( 23,2 MiB entpackt)
Abrufen: python-base-2.7.14-lp151.10.13.2.x86_64.rpm [.fertig (5,3 MiB/s)]
Paket global-6.6.1-lp151.2.3.x86_64 abrufen (5/5), 849,6 KiB (  4,1 MiB entpackt)
Abrufen: global-6.6.1-lp151.2.3.x86_64.rpm [fertig]

Überprüfung auf Dateikonflikte läuft: [........fertig]
(1/5) Installieren: idutils-4.6-lp151.2.3.x86_64 [............fertig]
(2/5) Installieren: idutils-lang-4.6-lp151.2.3.noarch [..........fertig]
(3/5) Installieren: libpython2_7-1_0-2.7.14-lp151.10.13.2.x86_64 [............fertig]
(4/5) Installieren: python-base-2.7.14-lp151.10.13.2.x86_64 [............fertig]
(5/5) Installieren: global-6.6.1-lp151.2.3.x86_64 [............fertig]
IP: ''

Rueckmeldung bei einricht spandsp-devel:
Loading repository data...
Reading installed packages...
Forcing installation of 'spandsp-devel-0.0.6-lp152.3.6.x86_64' from repository 'openSUSE-Leap-15.2-1'.
Resolving package dependencies...

The following 2 NEW packages are going to be installed:
  libspandsp2 spandsp-devel

2 new packages to install.
Overall download size: 417.2 KiB. Already cached: 0 B. After the operation, additional 1.6 MiB will be used.
Continue? [y/n/v/...? shows all options] (y): y
Retrieving package libspandsp2-0.0.6-lp152.3.6.x86_64 (1/2), 270.4 KiB (796.7 KiB unpacked)
Retrieving: libspandsp2-0.0.6-lp152.3.6.x86_64.rpm [...................................................................................................................................................................................................................error (10 B/s)]
Retrying in 30 seconds...
Retrieving: libspandsp2-0.0.6-lp152.3.6.x86_64.rpm [....done (1.7 KiB/s)]
Retrieving package spandsp-devel-0.0.6-lp152.3.6.x86_64 (2/2), 146.8 KiB (843.7 KiB unpacked)
Retrieving: spandsp-devel-0.0.6-lp152.3.6.x86_64.rpm [.done (166.4 KiB/s)]

Checking for file conflicts: [....done]
(1/2) Installing: libspandsp2-0.0.6-lp152.3.6.x86_64 [............done]
(2/2) Installing: spandsp-devel-0.0.6-lp152.3.6.x86_64 [............done]
IP: ' libspandsp2 spandsp-devel'

Rueckmeldung bei einricht libsoup-devel:
Loading repository data...
Reading installed packages...
Forcing installation of 'libsoup-devel-2.68.3-lp152.2.5.x86_64' from repository 'openSUSE-Leap-15.2-1'.
Resolving package dependencies...

The following 9 NEW packages are going to be installed:
  libbrotli-devel libbrotlienc1 libpsl-devel libsoup-devel libxml2-devel readline-devel sqlite3-devel typelib-1_0-Soup-2_4 xz-devel

9 new packages to install.
Overall download size: 1.0 MiB. Already cached: 0 B. After the operation, additional 5.8 MiB will be used.
Continue? [y/n/v/...? shows all options] (y): y
Retrieving package libbrotlienc1-1.0.7-lp152.1.5.x86_64 (1/9), 204.6 KiB (561.9 KiB unpacked)
Retrieving: libbrotlienc1-1.0.7-lp152.1.5.x86_64.rpm [done]
Retrieving package libpsl-devel-0.20.1-lp152.3.7.x86_64 (2/9),  30.1 KiB (102.6 KiB unpacked)
Retrieving: libpsl-devel-0.20.1-lp152.3.7.x86_64.rpm [.done (729 B/s)]
Retrieving package readline-devel-7.0-lp152.11.80.x86_64 (3/9),  47.6 KiB ( 66.8 KiB unpacked)
Retrieving: readline-devel-7.0-lp152.11.80.x86_64.rpm [done]
Retrieving package sqlite3-devel-3.28.0-lp152.3.5.x86_64 (4/9), 176.7 KiB (579.9 KiB unpacked)
Retrieving: sqlite3-devel-3.28.0-lp152.3.5.x86_64.rpm [.done (1.9 KiB/s)]
Retrieving package typelib-1_0-Soup-2_4-2.68.3-lp152.2.5.x86_64 (5/9),  59.2 KiB (105.3 KiB unpacked)
Retrieving: typelib-1_0-Soup-2_4-2.68.3-lp152.2.5.x86_64.rpm [.done (661.2 KiB/s)]
Retrieving package xz-devel-5.2.3-lp152.5.100.x86_64 (6/9),  43.9 KiB (164.8 KiB unpacked)
Retrieving: xz-devel-5.2.3-lp152.5.100.x86_64.rpm [done]
Retrieving package libbrotli-devel-1.0.7-lp152.1.5.x86_64 (7/9),  32.5 KiB ( 53.0 KiB unpacked)
Retrieving: libbrotli-devel-1.0.7-lp152.1.5.x86_64.rpm [.done (727 B/s)]
Retrieving package libxml2-devel-2.9.7-lp152.9.1.x86_64 (8/9),  94.8 KiB (432.2 KiB unpacked)
Retrieving: libxml2-devel-2.9.7-lp152.9.1.x86_64.rpm [.done (17.1 KiB/s)]
Retrieving package libsoup-devel-2.68.3-lp152.2.5.x86_64 (9/9), 344.8 KiB (  3.8 MiB unpacked)
Retrieving: libsoup-devel-2.68.3-lp152.2.5.x86_64.rpm [.......done]

Checking for file conflicts: [.......done]
(1/9) Installing: libbrotlienc1-1.0.7-lp152.1.5.x86_64 [............done]
(2/9) Installing: libpsl-devel-0.20.1-lp152.3.7.x86_64 [........done]
(3/9) Installing: readline-devel-7.0-lp152.11.80.x86_64 [........done]
(4/9) Installing: sqlite3-devel-3.28.0-lp152.3.5.x86_64 [............done]
(5/9) Installing: typelib-1_0-Soup-2_4-2.68.3-lp152.2.5.x86_64 [......done]
(6/9) Installing: xz-devel-5.2.3-lp152.5.100.x86_64 [...........done]
(7/9) Installing: libbrotli-devel-1.0.7-lp152.1.5.x86_64 [........done]
(8/9) Installing: libxml2-devel-2.9.7-lp152.9.1.x86_64 [...........done]
(9/9) Installing: libsoup-devel-2.68.3-lp152.2.5.x86_64 [............done]
IP: ' libbrotli-devel libbrotlienc1 libpsl-devel libsoup-devel libxml2-devel readline-devel sqlite3-devel typelib-1_0-Soup-2_4 xz-devel'

Rueckmeldung bei einricht libsndfile-devel:
Loading repository data...
Reading installed packages...
Forcing installation of 'libsndfile-devel-1.0.28-lp152.5.5.x86_64' from repository 'openSUSE-Leap-15.2-1'.
Resolving package dependencies...

The following NEW package is going to be installed:
  libsndfile-devel

1 new package to install.
Overall download size: 160.9 KiB. Already cached: 0 B. After the operation, additional 610.6 KiB will be used.
Continue? [y/n/v/...? shows all options] (y): y
Retrieving package libsndfile-devel-1.0.28-lp152.5.5.x86_64 (1/1), 160.9 KiB (610.6 KiB unpacked)
Retrieving: libsndfile-devel-1.0.28-lp152.5.5.x86_64.rpm [..done (207.9 KiB/s)]

Checking for file conflicts: [.......done]
(1/1) Installing: libsndfile-devel-1.0.28-lp152.5.5.x86_64 [...........done]
IP: ' libsndfile-devel'

Rueckmeldung bei einricht libgssdp-devel:
Loading repository data...
Reading installed packages...
Forcing installation of 'libgssdp-devel-1.2.2-lp152.1.4.x86_64' from repository 'openSUSE-Leap-15.2-1'.
Resolving package dependencies...

The following 3 NEW packages are going to be installed:
  libgssdp-1_2-0 libgssdp-devel typelib-1_0-GSSDP-1_0

3 new packages to install.
Overall download size: 110.9 KiB. Already cached: 0 B. After the operation, additional 402.4 KiB will be used.
Continue? [y/n/v/...? shows all options] (y): y
Retrieving package libgssdp-1_2-0-1.2.2-lp152.1.4.x86_64 (1/3),  53.6 KiB (125.4 KiB unpacked)
Retrieving: libgssdp-1_2-0-1.2.2-lp152.1.4.x86_64.rpm [done]
Retrieving package typelib-1_0-GSSDP-1_0-1.2.2-lp152.1.4.x86_64 (2/3),  15.0 KiB (  6.8 KiB unpacked)
Retrieving: typelib-1_0-GSSDP-1_0-1.2.2-lp152.1.4.x86_64.rpm [done]
Retrieving package libgssdp-devel-1.2.2-lp152.1.4.x86_64 (3/3),  42.3 KiB (270.2 KiB unpacked)
Retrieving: libgssdp-devel-1.2.2-lp152.1.4.x86_64.rpm [.done (78.4 KiB/s)]

Checking for file conflicts: [.......done]
(1/3) Installing: libgssdp-1_2-0-1.2.2-lp152.1.4.x86_64 [........done]
(2/3) Installing: typelib-1_0-GSSDP-1_0-1.2.2-lp152.1.4.x86_64 [....done]
(3/3) Installing: libgssdp-devel-1.2.2-lp152.1.4.x86_64 [...........done]
IP: ' libgssdp-1_2-0 libgssdp-devel typelib-1_0-GSSDP-1_0'

Rueckmeldung bei einricht libcapi20-3:
Loading repository data...
Reading installed packages...
Forcing installation of 'libcapi20-3-2011.8.29-lp152.8.37.x86_64' from repository 'openSUSE-Leap-15.2-1'.
Resolving package dependencies...

The following NEW package is going to be installed:
  libcapi20-3

1 new package to install.
Overall download size: 26.0 KiB. Already cached: 0 B. After the operation, additional 50.6 KiB will be used.
Continue? [y/n/v/...? shows all options] (y): y
Retrieving package libcapi20-3-2011.8.29-lp152.8.37.x86_64 (1/1),  26.0 KiB ( 50.6 KiB unpacked)
Retrieving: libcapi20-3-2011.8.29-lp152.8.37.x86_64.rpm [done]

Checking for file conflicts: [...done]
(1/1) Installing: libcapi20-3-2011.8.29-lp152.8.37.x86_64 [.....done]
IP: ' libcapi20-3'

Rueckmeldung bei einricht libcom_err-devel:
Loading repository data...
Reading installed packages...
Forcing installation of 'libcom_err-devel-1.43.8-lp152.11.3.1.x86_64' from repository 'Hauptaktualisierungs-Repository'.
Resolving package dependencies...

The following NEW package is going to be installed:
  libcom_err-devel

1 new package to install.
Overall download size: 27.1 KiB. Already cached: 0 B. After the operation, additional 26.7 KiB will be used.
Continue? [y/n/v/...? shows all options] (y): y
Retrieving package libcom_err-devel-1.43.8-lp152.11.3.1.x86_64 (1/1),  27.1 KiB ( 26.7 KiB unpacked)
Retrieving: libcom_err-devel-1.43.8-lp152.11.3.1.x86_64.rpm [.done (722 B/s)]

Checking for file conflicts: [....done]
(1/1) Installing: libcom_err-devel-1.43.8-lp152.11.3.1.x86_64 [.........done]
IP: ' libcom_err-devel'

Rueckmeldung bei einricht libcapi20-3:
Loading repository data...
Reading installed packages...
Package 'libcapi20-3' is not available in your repositories. Cannot reinstall, upgrade, or downgrade.
Resolving package dependencies...
Nothing to do.
IP: ''

Rueckmeldung bei einricht libcapifax-devel:
Loading repository data...
Reading installed packages...
'libcapifax-devel' not found in package names. Trying capabilities.
IP: ''

Rueckmeldung bei einricht libcapi20-3:
Loading repository data...
Reading installed packages...
Package 'libcapi20-3' is not available in your repositories. Cannot reinstall, upgrade, or downgrade.
Resolving package dependencies...
Nothing to do.
IP: ''

Rueckmeldung bei einricht libcapifax-devel:
Loading repository data...
Reading installed packages...
'libcapifax-devel' not found in package names. Trying capabilities.
IP: ''

Rueckmeldung bei einricht libcapi20-3:
Loading repository data...
Reading installed packages...
Package 'libcapi20-3' is not available in your repositories. Cannot reinstall, upgrade, or downgrade.
Resolving package dependencies...
Nothing to do.
IP: ''

Rueckmeldung bei einricht libcapifax-devel:
Loading repository data...
Reading installed packages...
'libcapifax-devel' not found in package names. Trying capabilities.
IP: ''

Rueckmeldung bei einricht libcapi20-3:
Loading repository data...
Reading installed packages...
Package 'libcapi20-3' is not available in your repositories. Cannot reinstall, upgrade, or downgrade.
Resolving package dependencies...
Nothing to do.
IP: ''

Rueckmeldung bei einricht libcapifax-devel:
Loading repository data...
Reading installed packages...
'libcapifax-devel' not found in package names. Trying capabilities.
IP: ''

Rueckmeldung bei einricht libcapi20-3:
Loading repository data...
Reading installed packages...
Package 'libcapi20-3' is not available in your repositories. Cannot reinstall, upgrade, or downgrade.
Resolving package dependencies...
Nothing to do.
IP: ''

Rueckmeldung bei einricht libcapifax-devel:
Loading repository data...
Reading installed packages...
'libcapifax-devel' not found in package names. Trying capabilities.
IP: ''

Rueckmeldung bei einricht libcapi20-3:
Loading repository data...
Reading installed packages...
Package 'libcapi20-3' is not available in your repositories. Cannot reinstall, upgrade, or downgrade.
Resolving package dependencies...
Nothing to do.
IP: ''

Rueckmeldung bei einricht libcapifax-devel:
Loading repository data...
Reading installed packages...
'libcapifax-devel' not found in package names. Trying capabilities.
IP: ''

Rueckmeldung bei einricht libcapi20-3:
Loading repository data...
Reading installed packages...
Package 'libcapi20-3' is not available in your repositories. Cannot reinstall, upgrade, or downgrade.
Resolving package dependencies...
Nothing to do.
IP: ''

Rueckmeldung bei einricht libcapifax-devel:
Loading repository data...
Reading installed packages...
'libcapifax-devel' not found in package names. Trying capabilities.
IP: ''

Rueckmeldung bei einricht termcap:
Dienst 'openSUSE' wird aktualisiert.
Repository-Daten werden geladen...
Installierte Pakete werden gelesen...
'termcap' wurde in den Paketnamen nicht gefunden. Fähigkeiten werden durchsucht.
IP: ''

Rueckmeldung bei einricht spandsp-devel:
Dienst 'openSUSE' wird aktualisiert.
Repository-Daten werden geladen...
Installierte Pakete werden gelesen...
Installation von 'spandsp-devel-3.0.0+g57-160000.2.2.x86_64' aus Repository 'repo-oss (16.0)' wird erzwungen.
Paketabhängigkeiten werden aufgelöst...

Das folgende NEUE Paket wird installiert:
  spandsp-devel

1 neues Paket zu installieren.

Größe des Pakets zum Herunterladen:   201,5 KiB

Änderung der Installationsgröße des Pakets:
              |       1,2 MiB  erforderlich für Pakete, die installiert werden sollen
     1,2 MiB  |  -      0 B    freigegeben von Paketen, die entfernt werden sollen

Backend:  classic_rpmtrans
Fortfahren? [j/n/v/...? zeigt alle Optionen] (j): j
Pakete vorladen [..
Vorladen: spandsp-devel-3.0.0+g57-160000.2.2.x86_64.rpm [fertig]
.fertig]
Abrufen: spandsp-devel-3.0.0+g57-160000.2.2.x86_64 (repo-oss (16.0)) (1/1), 201,5 KiB    

Überprüfung auf Dateikonflikte läuft: [..fertig]
(1/1) Installieren: spandsp-devel-3.0.0+g57-160000.2.2.x86_64 [..fertig]
Nach-Transaktions-Skripte werden ausgeführt [...fertig]
IP: ''

Rueckmeldung bei einricht libsoup-devel:
Dienst 'openSUSE' wird aktualisiert.
Repository-Daten werden geladen...
Installierte Pakete werden gelesen...
Installation von 'libsoup-devel-3.6.6-160000.1.1.x86_64' aus Repository 'repo-oss (16.0)' wird erzwungen.
Paketabhängigkeiten werden aufgelöst...

Die folgenden 3 Pakete werden aktualisiert:
  libsoup-3_0-0 libsoup-lang typelib-1_0-Soup-3_0

Die folgenden 2 NEUEN Pakete werden installiert:
  libsoup-devel sqlite3-devel

3 Pakete werden aktualisiert, 2 neue.

Größe des Pakets zum Herunterladen:     2,6 MiB

Änderung der Installationsgröße des Pakets:
              |       9,4 MiB  erforderlich für Pakete, die installiert werden sollen
     8,3 MiB  |  -    1,1 MiB  freigegeben von Paketen, die entfernt werden sollen

Backend:  classic_rpmtrans
Fortfahren? [j/n/v/...? zeigt alle Optionen] (j): j
Pakete vorladen [..
Vorladen: typelib-1_0-Soup-3_0-3.6.6-160000.1.1.x86_64.rpm [fertig]
.
Vorladen: libsoup-lang-3.6.6-160000.1.1.noarch.rpm [fertig]
.
Vorladen: sqlite3-devel-3.50.4-160000.1.2.x86_64.rpm [fertig]
.
Vorladen: libsoup-3_0-0-3.6.6-160000.1.1.x86_64.rpm [fertig]
.
Vorladen: libsoup-devel-3.6.6-160000.1.1.x86_64.rpm [fertig]
.fertig]
Abrufen: libsoup-3_0-0-3.6.6-160000.1.1.x86_64 (repo-oss (16.0)) (1/5), 412,3 KiB    
Abrufen: sqlite3-devel-3.50.4-160000.1.2.x86_64 (repo-oss (16.0)) (2/5), 299,6 KiB    
Abrufen: typelib-1_0-Soup-3_0-3.6.6-160000.1.1.x86_64 (repo-oss (16.0)) (3/5), 159,7 KiB    
Abrufen: libsoup-lang-3.6.6-160000.1.1.noarch (repo-oss (16.0)) (4/5), 206,5 KiB    
Abrufen: libsoup-devel-3.6.6-160000.1.1.x86_64 (repo-oss (16.0)) (5/5),   1,5 MiB    

Überprüfung auf Dateikonflikte läuft: [..fertig]
(1/5) Installieren: libsoup-3_0-0-3.6.6-160000.1.1.x86_64 [...fertig]
(2/5) Installieren: sqlite3-devel-3.50.4-160000.1.2.x86_64 [..fertig]
(3/5) Installieren: typelib-1_0-Soup-3_0-3.6.6-160000.1.1.x86_64 [..fertig]
(4/5) Installieren: libsoup-lang-3.6.6-160000.1.1.noarch [..fertig]
(5/5) Installieren: libsoup-devel-3.6.6-160000.1.1.x86_64 [...fertig]
Nach-Transaktions-Skripte werden ausgeführt [...fertig]
Es werden Programme ausgeführt, die immer noch die durch kürzliche Upgrades gelöschten oder aktualisierten Dateien oder Bibliotheken verwenden. Starten Sie die Programme neu, um die Aktualisierungen zu nutzen. Mit 'zypper ps -s' erhalten Sie eine Liste dieser Programme.
 
IP: ''

Rueckmeldung bei einricht libsndfile-devel:
Dienst 'openSUSE' wird aktualisiert.
Repository-Daten werden geladen...
Installierte Pakete werden gelesen...
Installation von 'libsndfile-devel-1.2.2-160000.3.2.x86_64' aus Repository 'repo-oss (16.0)' wird erzwungen.
Paketabhängigkeiten werden aufgelöst...

Die folgenden 8 NEUEN Pakete werden installiert:
  flac-devel libFLAC++10 libogg-devel libopus-devel libsndfile-devel libvorbis-devel speex-devel speexdsp-devel

8 neue Pakete zu installieren.

Größe des Pakets zum Herunterladen:     1,6 MiB

Änderung der Installationsgröße des Pakets:
              |       7,5 MiB  erforderlich für Pakete, die installiert werden sollen
     7,5 MiB  |  -      0 B    freigegeben von Paketen, die entfernt werden sollen

Backend:  classic_rpmtrans
Fortfahren? [j/n/v/...? zeigt alle Optionen] (j): j
Pakete vorladen [..
Vorladen: libvorbis-devel-1.3.7-160000.3.2.x86_64.rpm [fertig]
.
Vorladen: libopus-devel-1.5.2-160000.2.2.x86_64.rpm [fertig]
.
Vorladen: libFLAC++10-1.4.3-160000.2.2.x86_64.rpm [fertig]
.
Vorladen: libogg-devel-1.3.5-160000.3.2.x86_64.rpm [fertig]
.
Vorladen: speexdsp-devel-1.2.1-160000.2.2.x86_64.rpm [fertig]
.
Vorladen: flac-devel-1.4.3-160000.2.2.x86_64.rpm [fertig]
.
Vorladen: libsndfile-devel-1.2.2-160000.3.2.x86_64.rpm [fertig]
.
Vorladen: speex-devel-1.2.1-160000.2.2.x86_64.rpm [fertig]
.fertig]
Abrufen: libFLAC++10-1.4.3-160000.2.2.x86_64 (repo-oss (16.0)) (1/8),  71,0 KiB    
Abrufen: libogg-devel-1.3.5-160000.3.2.x86_64 (repo-oss (16.0)) (2/8), 192,8 KiB    
Abrufen: libopus-devel-1.5.2-160000.2.2.x86_64 (repo-oss (16.0)) (3/8),  44,8 KiB    
Abrufen: speexdsp-devel-1.2.1-160000.2.2.x86_64 (repo-oss (16.0)) (4/8), 420,4 KiB    
Abrufen: libvorbis-devel-1.3.7-160000.3.2.x86_64 (repo-oss (16.0)) (5/8),  32,1 KiB    
Abrufen: flac-devel-1.4.3-160000.2.2.x86_64 (repo-oss (16.0)) (6/8), 376,3 KiB    
Abrufen: speex-devel-1.2.1-160000.2.2.x86_64 (repo-oss (16.0)) (7/8), 422,2 KiB    
Abrufen: libsndfile-devel-1.2.2-160000.3.2.x86_64 (repo-oss (16.0)) (8/8), 118,7 KiB    

Überprüfung auf Dateikonflikte läuft: [..fertig]
(1/8) Installieren: libFLAC++10-1.4.3-160000.2.2.x86_64 [..fertig]
(2/8) Installieren: libogg-devel-1.3.5-160000.3.2.x86_64 [..fertig]
(3/8) Installieren: libopus-devel-1.5.2-160000.2.2.x86_64 [..fertig]
(4/8) Installieren: speexdsp-devel-1.2.1-160000.2.2.x86_64 [..fertig]
(5/8) Installieren: libvorbis-devel-1.3.7-160000.3.2.x86_64 [..fertig]
(6/8) Installieren: flac-devel-1.4.3-160000.2.2.x86_64 [..fertig]
(7/8) Installieren: speex-devel-1.2.1-160000.2.2.x86_64 [..fertig]
(8/8) Installieren: libsndfile-devel-1.2.2-160000.3.2.x86_64 [..fertig]
Nach-Transaktions-Skripte werden ausgeführt [...fertig]
IP: ''

Rueckmeldung bei einricht libgssdp-devel:
Dienst 'openSUSE' wird aktualisiert.
Repository-Daten werden geladen...
Installierte Pakete werden gelesen...
Installation von 'libgssdp-devel-1.6.3-160000.2.2.x86_64' aus Repository 'repo-oss (16.0)' wird erzwungen.
Paketabhängigkeiten werden aufgelöst...

Die folgenden 2 NEUEN Pakete werden installiert:
  libgssdp-devel typelib-1_0-GSSDP-1_0

2 neue Pakete zu installieren.

Größe des Pakets zum Herunterladen:    65,7 KiB

Änderung der Installationsgröße des Pakets:
              |     118,2 KiB  erforderlich für Pakete, die installiert werden sollen
   118,2 KiB  |  -      0 B    freigegeben von Paketen, die entfernt werden sollen

Backend:  classic_rpmtrans
Fortfahren? [j/n/v/...? zeigt alle Optionen] (j): j
Pakete vorladen [..
Vorladen: libgssdp-devel-1.6.3-160000.2.2.x86_64.rpm [fertig]
.
Vorladen: typelib-1_0-GSSDP-1_0-1.6.3-160000.2.2.x86_64.rpm [fertig]
.fertig]
Abrufen: typelib-1_0-GSSDP-1_0-1.6.3-160000.2.2.x86_64 (repo-oss (16.0)) (1/2),  27,5 KiB    
Abrufen: libgssdp-devel-1.6.3-160000.2.2.x86_64 (repo-oss (16.0)) (2/2),  38,2 KiB    

Überprüfung auf Dateikonflikte läuft: [..fertig]
(1/2) Installieren: typelib-1_0-GSSDP-1_0-1.6.3-160000.2.2.x86_64 [..fertig]
(2/2) Installieren: libgssdp-devel-1.6.3-160000.2.2.x86_64 [..fertig]
Nach-Transaktions-Skripte werden ausgeführt [...fertig]
IP: ''

Rueckmeldung bei einricht boost_1_71_0-gnu-openmpi3-hpc-devel:
Dienst 'openSUSE' wird aktualisiert.
Repository-Daten werden geladen...
Installierte Pakete werden gelesen...
'boost_1_71_0-gnu-openmpi3-hpc-devel' wurde in den Paketnamen nicht gefunden. Fähigkeiten werden durchsucht.
IP: ''

Rueckmeldung bei einricht libboost_iostreams1_66_0-devel:
Dienst 'openSUSE' wird aktualisiert.
Repository-Daten werden geladen...
Installierte Pakete werden gelesen...
'libboost_iostreams1_66_0-devel' wurde in den Paketnamen nicht gefunden. Fähigkeiten werden durchsucht.
IP: ''

Rueckmeldung bei einricht libboost_locale1_66_0-devel:
Dienst 'openSUSE' wird aktualisiert.
Repository-Daten werden geladen...
Installierte Pakete werden gelesen...
'libboost_locale1_66_0-devel' wurde in den Paketnamen nicht gefunden. Fähigkeiten werden durchsucht.
IP: ''

Rueckmeldung bei einricht termcap:
Dienst 'openSUSE' wird aktualisiert.
Repository-Daten werden geladen...
Installierte Pakete werden gelesen...
'termcap' wurde in den Paketnamen nicht gefunden. Fähigkeiten werden durchsucht.
IP: ''

Rueckmeldung bei einricht libsoup-devel:
Dienst 'openSUSE' wird aktualisiert.
Repository-Daten werden geladen...
Installierte Pakete werden gelesen...
Installation von 'libsoup-devel-3.6.6-160000.1.1.x86_64' aus Repository 'repo-oss (16.0)' wird erzwungen.
Paketabhängigkeiten werden aufgelöst...

Das folgende Paket wird erneut installiert:
  libsoup-devel

1 zu installierendes Paket.

Größe des Pakets zum Herunterladen:     1,5 MiB

Änderung der Installationsgröße des Pakets:
            |       7,6 MiB  erforderlich für Pakete, die installiert werden sollen
       0 B  |  -    7,6 MiB  freigegeben von Paketen, die entfernt werden sollen

Backend:  classic_rpmtrans
Fortfahren? [j/n/v/...? zeigt alle Optionen] (j): j
Pakete vorladen [..
Vorladen: libsoup-devel-3.6.6-160000.1.1.x86_64.rpm [fertig]
.fertig]
Abrufen: libsoup-devel-3.6.6-160000.1.1.x86_64 (repo-oss (16.0)) (1/1),   1,5 MiB    

Überprüfung auf Dateikonflikte läuft: [..fertig]
(1/1) Installieren: libsoup-devel-3.6.6-160000.1.1.x86_64 [...fertig]
Nach-Transaktions-Skripte werden ausgeführt [...fertig]
IP: ''

Rueckmeldung bei einricht boost_1_71_0-gnu-openmpi3-hpc-devel:
Dienst 'openSUSE' wird aktualisiert.
Repository-Daten werden geladen...
Installierte Pakete werden gelesen...
'boost_1_71_0-gnu-openmpi3-hpc-devel' wurde in den Paketnamen nicht gefunden. Fähigkeiten werden durchsucht.
IP: ''

Rueckmeldung bei einricht libboost_iostreams1_66_0-devel:
Dienst 'openSUSE' wird aktualisiert.
Repository-Daten werden geladen...
Installierte Pakete werden gelesen...
'libboost_iostreams1_66_0-devel' wurde in den Paketnamen nicht gefunden. Fähigkeiten werden durchsucht.
IP: ''

Rueckmeldung bei einricht libboost_locale1_66_0-devel:
Dienst 'openSUSE' wird aktualisiert.
Repository-Daten werden geladen...
Installierte Pakete werden gelesen...
'libboost_locale1_66_0-devel' wurde in den Paketnamen nicht gefunden. Fähigkeiten werden durchsucht.
IP: ''

Rueckmeldung bei einricht termcap:
Refreshing service 'openSUSE'.
Loading repository data...
Reading installed packages...
'termcap' not found in package names. Trying capabilities.
IP: ''

Rueckmeldung bei einricht libsoup-devel:
Refreshing service 'openSUSE'.
Loading repository data...
Reading installed packages...
Forcing installation of 'libsoup-devel-3.6.6-160000.1.1.x86_64' from repository 'repo-oss (16.0)'.
Resolving package dependencies...

The following package is going to be reinstalled:
  libsoup-devel

1 package to reinstall.

Package download size:     1.5 MiB

Package install size change:
            |       7.6 MiB  required by packages that will be installed
       0 B  |  -    7.6 MiB  released by packages that will be removed

Backend:  classic_rpmtrans
Continue? [y/n/v/...? shows all options] (y): y
Preloading Packages [..
Preloading: libsoup-devel-3.6.6-160000.1.1.x86_64.rpm [done]
.done]
Retrieving: libsoup-devel-3.6.6-160000.1.1.x86_64 (repo-oss (16.0)) (1/1),   1.5 MiB    

Checking for file conflicts: [..done]
(1/1) Installing: libsoup-devel-3.6.6-160000.1.1.x86_64 [...done]
Running post-transaction scripts [...done]
IP: ' libsoup-devel'

Rueckmeldung bei einricht boost_1_71_0-gnu-openmpi3-hpc-devel:
Refreshing service 'openSUSE'.
Loading repository data...
Reading installed packages...
'boost_1_71_0-gnu-openmpi3-hpc-devel' not found in package names. Trying capabilities.
IP: ''

Rueckmeldung bei einricht libboost_iostreams1_66_0-devel:
Refreshing service 'openSUSE'.
Loading repository data...
Reading installed packages...
'libboost_iostreams1_66_0-devel' not found in package names. Trying capabilities.
IP: ''

Rueckmeldung bei einricht libboost_locale1_66_0-devel:
Refreshing service 'openSUSE'.
Loading repository data...
Reading installed packages...
'libboost_locale1_66_0-devel' not found in package names. Trying capabilities.
IP: ''

Rueckmeldung bei einricht libsoup-devel:
Refreshing service 'openSUSE'.
Loading repository data...
Reading installed packages...
Forcing installation of 'libsoup-devel-3.6.6-160000.1.1.x86_64' from repository 'repo-oss (16.0)'.
Resolving package dependencies...

The following package is going to be reinstalled:
  libsoup-devel

1 package to reinstall.

Package download size:     1.5 MiB

Package install size change:
            |       7.6 MiB  required by packages that will be installed
       0 B  |  -    7.6 MiB  released by packages that will be removed

Backend:  classic_rpmtrans
Continue? [y/n/v/...? shows all options] (y): y
Preloading Packages [..
Preloading: libsoup-devel-3.6.6-160000.1.1.x86_64.rpm [done]
.done]
Retrieving: libsoup-devel-3.6.6-160000.1.1.x86_64 (repo-oss (16.0)) (1/1),   1.5 MiB    

Checking for file conflicts: [..done]
(1/1) Installing: libsoup-devel-3.6.6-160000.1.1.x86_64 [...done]
Running post-transaction scripts [...done]
IP: ' libsoup-devel'

Rueckmeldung bei einricht boost_1_71_0-gnu-openmpi3-hpc-devel:
Refreshing service 'openSUSE'.
Loading repository data...
Reading installed packages...
'boost_1_71_0-gnu-openmpi3-hpc-devel' not found in package names. Trying capabilities.
IP: ''

Rueckmeldung bei einricht libboost_iostreams1_66_0-devel:
Refreshing service 'openSUSE'.
Loading repository data...
Reading installed packages...
'libboost_iostreams1_66_0-devel' not found in package names. Trying capabilities.
IP: ''

Rueckmeldung bei einricht libboost_locale1_66_0-devel:
Refreshing service 'openSUSE'.
Loading repository data...
Reading installed packages...
'libboost_locale1_66_0-devel' not found in package names. Trying capabilities.
IP: ''

Rueckmeldung bei einricht libsoup-devel:
Refreshing service 'openSUSE'.
Loading repository data...
Reading installed packages...
Forcing installation of 'libsoup-devel-3.6.6-160000.1.1.x86_64' from repository 'repo-oss (16.0)'.
Resolving package dependencies...

The following package is going to be reinstalled:
  libsoup-devel

1 package to reinstall.

Package download size:     1.5 MiB

Package install size change:
            |       7.6 MiB  required by packages that will be installed
       0 B  |  -    7.6 MiB  released by packages that will be removed

Backend:  classic_rpmtrans
Continue? [y/n/v/...? shows all options] (y): y
Preloading Packages [..
Preloading: libsoup-devel-3.6.6-160000.1.1.x86_64.rpm [done]
.done]
Retrieving: libsoup-devel-3.6.6-160000.1.1.x86_64 (repo-oss (16.0)) (1/1),   1.5 MiB    

Checking for file conflicts: [..done]
(1/1) Installing: libsoup-devel-3.6.6-160000.1.1.x86_64 [...done]
Running post-transaction scripts [...done]
IP: ' libsoup-devel'

Rueckmeldung bei einricht libsoup-devel:
Refreshing service 'openSUSE'.
Loading repository data...
Reading installed packages...
Forcing installation of 'libsoup-devel-3.6.6-160000.1.1.x86_64' from repository 'repo-oss (16.0)'.
Resolving package dependencies...

The following package is going to be reinstalled:
  libsoup-devel

1 package to reinstall.

Package download size:     1.5 MiB

Package install size change:
            |       7.6 MiB  required by packages that will be installed
       0 B  |  -    7.6 MiB  released by packages that will be removed

Backend:  classic_rpmtrans
Continue? [y/n/v/...? shows all options] (y): y
Preloading Packages [..
Preloading: libsoup-devel-3.6.6-160000.1.1.x86_64.rpm [done]
.done]
Retrieving: libsoup-devel-3.6.6-160000.1.1.x86_64 (repo-oss (16.0)) (1/1),   1.5 MiB    

Checking for file conflicts: [..done]
(1/1) Installing: libsoup-devel-3.6.6-160000.1.1.x86_64 [...done]
Running post-transaction scripts [...done]
IP: ' libsoup-devel'

Rueckmeldung bei einricht libsoup-devel:
Refreshing service 'openSUSE'.
Loading repository data...
Reading installed packages...
Forcing installation of 'libsoup-devel-3.6.6-160000.1.1.x86_64' from repository 'repo-oss (16.0)'.
Resolving package dependencies...

The following package is going to be reinstalled:
  libsoup-devel

1 package to reinstall.

Package download size:     1.5 MiB

Package install size change:
            |       7.6 MiB  required by packages that will be installed
       0 B  |  -    7.6 MiB  released by packages that will be removed

Backend:  classic_rpmtrans
Continue? [y/n/v/...? shows all options] (y): y
Preloading Packages [..
Preloading: libsoup-devel-3.6.6-160000.1.1.x86_64.rpm [done]
.done]
Retrieving: libsoup-devel-3.6.6-160000.1.1.x86_64 (repo-oss (16.0)) (1/1),   1.5 MiB    

Checking for file conflicts: [..done]
(1/1) Installing: libsoup-devel-3.6.6-160000.1.1.x86_64 [...done]
Running post-transaction scripts [...done]
IP: ' libsoup-devel'

Rueckmeldung bei einricht libsoup-devel:
Refreshing service 'openSUSE'.
Loading repository data...
Reading installed packages...
Forcing installation of 'libsoup-devel-3.6.6-160000.1.1.x86_64' from repository 'repo-oss (16.0)'.
Resolving package dependencies...

The following package is going to be reinstalled:
  libsoup-devel

1 package to reinstall.

Package download size:     1.5 MiB

Package install size change:
            |       7.6 MiB  required by packages that will be installed
       0 B  |  -    7.6 MiB  released by packages that will be removed

Backend:  classic_rpmtrans
Continue? [y/n/v/...? shows all options] (y): y
Preloading Packages [..
Preloading: libsoup-devel-3.6.6-160000.1.1.x86_64.rpm [done]
.done]
Retrieving: libsoup-devel-3.6.6-160000.1.1.x86_64 (repo-oss (16.0)) (1/1),   1.5 MiB    

Checking for file conflicts: [..done]
(1/1) Installing: libsoup-devel-3.6.6-160000.1.1.x86_64 [...done]
Running post-transaction scripts [...done]
IP: ' libsoup-devel'

Rueckmeldung bei einricht libsoup-devel:
Refreshing service 'openSUSE'.
Loading repository data...
Reading installed packages...
Forcing installation of 'libsoup-devel-3.6.6-160000.1.1.x86_64' from repository 'repo-oss (16.0)'.
Resolving package dependencies...

The following package is going to be reinstalled:
  libsoup-devel

1 package to reinstall.

Package download size:     1.5 MiB

Package install size change:
            |       7.6 MiB  required by packages that will be installed
       0 B  |  -    7.6 MiB  released by packages that will be removed

Backend:  classic_rpmtrans
Continue? [y/n/v/...? shows all options] (y): y
Preloading Packages [..
Preloading: libsoup-devel-3.6.6-160000.1.1.x86_64.rpm [done]
.done]
Retrieving: libsoup-devel-3.6.6-160000.1.1.x86_64 (repo-oss (16.0)) (1/1),   1.5 MiB    

Checking for file conflicts: [..done]
(1/1) Installing: libsoup-devel-3.6.6-160000.1.1.x86_64 [...done]
Running post-transaction scripts [...done]
IP: ' libsoup-devel'

Rueckmeldung bei einricht spandsp-devel:
Dienst 'openSUSE' wird aktualisiert.
Repository-Daten werden geladen...
Installierte Pakete werden gelesen...
Installation von 'spandsp-devel-3.0.0+g57-160000.2.2.x86_64' aus Repository 'repo-oss (16.0)' wird erzwungen.
Paketabhängigkeiten werden aufgelöst...

Die folgenden 2 NEUEN Pakete werden installiert:
  libspandsp3 spandsp-devel

2 neue Pakete zu installieren.

Größe des Pakets zum Herunterladen:   575,8 KiB

Änderung der Installationsgröße des Pakets:
              |       2,1 MiB  erforderlich für Pakete, die installiert werden sollen
     2,1 MiB  |  -      0 B    freigegeben von Paketen, die entfernt werden sollen

Backend:  classic_rpmtrans
Fortfahren? [j/n/v/...? zeigt alle Optionen] (j): j
Pakete vorladen [..
Vorladen: spandsp-devel-3.0.0+g57-160000.2.2.x86_64.rpm [fertig]
.
Vorladen: libspandsp3-3.0.0+g57-160000.2.2.x86_64.rpm [fertig]
.fertig]
Abrufen: libspandsp3-3.0.0+g57-160000.2.2.x86_64 (repo-oss (16.0)) (1/2), 374,4 KiB    
Abrufen: spandsp-devel-3.0.0+g57-160000.2.2.x86_64 (repo-oss (16.0)) (2/2), 201,5 KiB    

Überprüfung auf Dateikonflikte läuft: [..fertig]
(1/2) Installieren: libspandsp3-3.0.0+g57-160000.2.2.x86_64 [..fertig]
(2/2) Installieren: spandsp-devel-3.0.0+g57-160000.2.2.x86_64 [..fertig]
Nach-Transaktions-Skripte werden ausgeführt [...fertig]
IP: ''

Rueckmeldung bei einricht libsoup-devel:
Dienst 'openSUSE' wird aktualisiert.
Repository-Daten werden geladen...
Installierte Pakete werden gelesen...
Installation von 'libsoup-devel-3.6.6-160000.1.1.x86_64' aus Repository 'repo-oss (16.0)' wird erzwungen.
Paketabhängigkeiten werden aufgelöst...

Die folgenden 3 NEUEN Pakete werden installiert:
  libsoup-devel sqlite3-devel typelib-1_0-Soup-3_0

3 neue Pakete zu installieren.

Größe des Pakets zum Herunterladen:     2,0 MiB

Änderung der Installationsgröße des Pakets:
              |       8,3 MiB  erforderlich für Pakete, die installiert werden sollen
     8,3 MiB  |  -      0 B    freigegeben von Paketen, die entfernt werden sollen

Backend:  classic_rpmtrans
Fortfahren? [j/n/v/...? zeigt alle Optionen] (j): j
Pakete vorladen [..
Vorladen: typelib-1_0-Soup-3_0-3.6.6-160000.1.1.x86_64.rpm [fertig]
.
Vorladen: sqlite3-devel-3.51.3-160000.1.1.x86_64.rpm [fertig]
.
Vorladen: libsoup-devel-3.6.6-160000.1.1.x86_64.rpm [fertig]
.fertig]
Abrufen: sqlite3-devel-3.51.3-160000.1.1.x86_64 (repo-oss (16.0)) (1/3), 305,4 KiB    
Abrufen: typelib-1_0-Soup-3_0-3.6.6-160000.1.1.x86_64 (repo-oss (16.0)) (2/3), 159,7 KiB    
Abrufen: libsoup-devel-3.6.6-160000.1.1.x86_64 (repo-oss (16.0)) (3/3),   1,5 MiB    

Überprüfung auf Dateikonflikte läuft: [..fertig]
(1/3) Installieren: sqlite3-devel-3.51.3-160000.1.1.x86_64 [..fertig]
(2/3) Installieren: typelib-1_0-Soup-3_0-3.6.6-160000.1.1.x86_64 [..fertig]
(3/3) Installieren: libsoup-devel-3.6.6-160000.1.1.x86_64 [...fertig]
Nach-Transaktions-Skripte werden ausgeführt [...fertig]
IP: ''

Rueckmeldung bei einricht libsndfile-devel:
Dienst 'openSUSE' wird aktualisiert.
Repository-Daten werden geladen...
Installierte Pakete werden gelesen...
Installation von 'libsndfile-devel-1.2.2-160000.3.2.x86_64' aus Repository 'repo-oss (16.0)' wird erzwungen.
Paketabhängigkeiten werden aufgelöst...

Die folgenden 16 NEUEN Pakete werden installiert:
  flac-devel libFLAC++10 libFLAC++10-x86-64-v3 libFLAC12 libFLAC12-x86-64-v3 libogg-devel libopus-devel libsndfile1 libsndfile-devel libspeex1 libspeexdsp1 libvorbis-devel libvorbisfile3 libvorbisfile3-x86-64-v3 speex-devel speexdsp-devel

16 neue Pakete zu installieren.

Größe des Pakets zum Herunterladen:     2,5 MiB

Änderung der Installationsgröße des Pakets:
              |       9,2 MiB  erforderlich für Pakete, die installiert werden sollen
     9,2 MiB  |  -      0 B    freigegeben von Paketen, die entfernt werden sollen

Backend:  classic_rpmtrans
Fortfahren? [j/n/v/...? zeigt alle Optionen] (j): j
Pakete vorladen [..
Vorladen: libopus-devel-1.5.2-160000.2.2.x86_64.rpm [fertig]
.
Vorladen: libspeex1-1.2.1-160000.2.2.x86_64.rpm [fertig]
.
Vorladen: libspeexdsp1-1.2.1-160000.2.2.x86_64.rpm [fertig]
.
Vorladen: libogg-devel-1.3.5-160000.3.2.x86_64.rpm [fertig]
.
Vorladen: libvorbisfile3-1.3.7-160000.3.2.x86_64.rpm [fertig]
.
Vorladen: libFLAC++10-1.4.3-160000.2.2.x86_64.rpm [fertig]
.
Vorladen: libsndfile1-1.2.2-160000.3.2.x86_64.rpm [fertig]
.
Vorladen: libFLAC12-x86-64-v3-1.4.3-160000.2.2.x86_64.rpm [fertig]
.
Vorladen: libvorbisfile3-x86-64-v3-1.3.7-160000.3.2.x86_64.rpm [fertig]
.
Vorladen: libvorbis-devel-1.3.7-160000.3.2.x86_64.rpm [fertig]
.
Vorladen: libFLAC++10-x86-64-v3-1.4.3-160000.2.2.x86_64.rpm [fertig]
.
Vorladen: libFLAC12-1.4.3-160000.2.2.x86_64.rpm [fertig]
.
Vorladen: libsndfile-devel-1.2.2-160000.3.2.x86_64.rpm [fertig]
.
Vorladen: speex-devel-1.2.1-160000.2.2.x86_64.rpm [fertig]
.
Vorladen: flac-devel-1.4.3-160000.2.2.x86_64.rpm [fertig]
.
Vorladen: speexdsp-devel-1.2.1-160000.2.2.x86_64.rpm [fertig]
.fertig]
Abrufen: libFLAC12-1.4.3-160000.2.2.x86_64 (repo-oss (16.0)) (1/16), 230,6 KiB    
Abrufen: libogg-devel-1.3.5-160000.3.2.x86_64 (repo-oss (16.0)) (2/16), 192,8 KiB    
Abrufen: libopus-devel-1.5.2-160000.2.2.x86_64 (repo-oss (16.0)) (3/16),  44,8 KiB    
Abrufen: libspeex1-1.2.1-160000.2.2.x86_64 (repo-oss (16.0)) (4/16),  64,7 KiB    
Abrufen: libspeexdsp1-1.2.1-160000.2.2.x86_64 (repo-oss (16.0)) (5/16),  51,1 KiB    
Abrufen: libvorbisfile3-1.3.7-160000.3.2.x86_64 (repo-oss (16.0)) (6/16),  35,0 KiB    
Abrufen: libFLAC12-x86-64-v3-1.4.3-160000.2.2.x86_64 (repo-oss (16.0)) (7/16), 214,6 KiB    
Abrufen: libFLAC++10-1.4.3-160000.2.2.x86_64 (repo-oss (16.0)) (8/16),  71,0 KiB    
Abrufen: libsndfile1-1.2.2-160000.3.2.x86_64 (repo-oss (16.0)) (9/16), 216,0 KiB    
Abrufen: speexdsp-devel-1.2.1-160000.2.2.x86_64 (repo-oss (16.0)) (10/16), 420,4 KiB    
Abrufen: libvorbisfile3-x86-64-v3-1.3.7-160000.3.2.x86_64 (repo-oss (16.0)) (11/16),  34,8 KiB    
Abrufen: libvorbis-devel-1.3.7-160000.3.2.x86_64 (repo-oss (16.0)) (12/16),  32,1 KiB    
Abrufen: libFLAC++10-x86-64-v3-1.4.3-160000.2.2.x86_64 (repo-oss (16.0)) (13/16),  53,0 KiB    
Abrufen: flac-devel-1.4.3-160000.2.2.x86_64 (repo-oss (16.0)) (14/16), 376,3 KiB    
Abrufen: speex-devel-1.2.1-160000.2.2.x86_64 (repo-oss (16.0)) (15/16), 422,2 KiB    
Abrufen: libsndfile-devel-1.2.2-160000.3.2.x86_64 (repo-oss (16.0)) (16/16), 118,7 KiB    

Überprüfung auf Dateikonflikte läuft: [..fertig]
( 1/16) Installieren: libFLAC12-1.4.3-160000.2.2.x86_64 [..fertig]
( 2/16) Installieren: libogg-devel-1.3.5-160000.3.2.x86_64 [..fertig]
( 3/16) Installieren: libopus-devel-1.5.2-160000.2.2.x86_64 [..fertig]
( 4/16) Installieren: libspeex1-1.2.1-160000.2.2.x86_64 [..fertig]
( 5/16) Installieren: libspeexdsp1-1.2.1-160000.2.2.x86_64 [..fertig]
( 6/16) Installieren: libvorbisfile3-1.3.7-160000.3.2.x86_64 [..fertig]
( 7/16) Installieren: libFLAC12-x86-64-v3-1.4.3-160000.2.2.x86_64 [..fertig]
( 8/16) Installieren: libFLAC++10-1.4.3-160000.2.2.x86_64 [..fertig]
( 9/16) Installieren: libsndfile1-1.2.2-160000.3.2.x86_64 [..fertig]
(10/16) Installieren: speexdsp-devel-1.2.1-160000.2.2.x86_64 [..fertig]
(11/16) Installieren: libvorbisfile3-x86-64-v3-1.3.7-160000.3.2.x86_64 [..fertig]
(12/16) Installieren: libvorbis-devel-1.3.7-160000.3.2.x86_64 [..fertig]
(13/16) Installieren: libFLAC++10-x86-64-v3-1.4.3-160000.2.2.x86_64 [..fertig]
(14/16) Installieren: flac-devel-1.4.3-160000.2.2.x86_64 [..fertig]
(15/16) Installieren: speex-devel-1.2.1-160000.2.2.x86_64 [..fertig]
(16/16) Installieren: libsndfile-devel-1.2.2-160000.3.2.x86_64 [..fertig]
Nach-Transaktions-Skripte werden ausgeführt [...fertig]
IP: ''

Rueckmeldung bei einricht libgssdp-devel:
Dienst 'openSUSE' wird aktualisiert.
Repository-Daten werden geladen...
Installierte Pakete werden gelesen...
Installation von 'libgssdp-devel-1.6.3-160000.2.2.x86_64' aus Repository 'repo-oss (16.0)' wird erzwungen.
Paketabhängigkeiten werden aufgelöst...

Die folgenden 3 NEUEN Pakete werden installiert:
  libgssdp-1_6-0 libgssdp-devel typelib-1_0-GSSDP-1_0

3 neue Pakete zu installieren.

Größe des Pakets zum Herunterladen:   135,6 KiB

Änderung der Installationsgröße des Pakets:
              |     254,1 KiB  erforderlich für Pakete, die installiert werden sollen
   254,1 KiB  |  -      0 B    freigegeben von Paketen, die entfernt werden sollen

Backend:  classic_rpmtrans
Fortfahren? [j/n/v/...? zeigt alle Optionen] (j): j
Pakete vorladen [..
Vorladen: libgssdp-1_6-0-1.6.3-160000.2.2.x86_64.rpm [fertig]
.
Vorladen: libgssdp-devel-1.6.3-160000.2.2.x86_64.rpm [fertig]
.
Vorladen: typelib-1_0-GSSDP-1_0-1.6.3-160000.2.2.x86_64.rpm [fertig]
.fertig]
Abrufen: libgssdp-1_6-0-1.6.3-160000.2.2.x86_64 (repo-oss (16.0)) (1/3),  69,9 KiB    
Abrufen: typelib-1_0-GSSDP-1_0-1.6.3-160000.2.2.x86_64 (repo-oss (16.0)) (2/3),  27,5 KiB    
Abrufen: libgssdp-devel-1.6.3-160000.2.2.x86_64 (repo-oss (16.0)) (3/3),  38,2 KiB    

Überprüfung auf Dateikonflikte läuft: [..fertig]
(1/3) Installieren: libgssdp-1_6-0-1.6.3-160000.2.2.x86_64 [..fertig]
(2/3) Installieren: typelib-1_0-GSSDP-1_0-1.6.3-160000.2.2.x86_64 [..fertig]
(3/3) Installieren: libgssdp-devel-1.6.3-160000.2.2.x86_64 [..fertig]
Nach-Transaktions-Skripte werden ausgeführt [...fertig]
IP: ''

Rueckmeldung bei einricht libsoup-devel:
Dienst 'openSUSE' wird aktualisiert.
Repository-Daten werden geladen...
Installierte Pakete werden gelesen...
Installation von 'libsoup-devel-3.6.6-160000.1.1.x86_64' aus Repository 'repo-oss (16.0)' wird erzwungen.
Paketabhängigkeiten werden aufgelöst...

Das folgende Paket wird erneut installiert:
  libsoup-devel

1 zu installierendes Paket.

Größe des Pakets zum Herunterladen:
            |       1,5 MiB  Gesamtpaketgröße
       0 B  |  -    1,5 MiB  bereits im Cache

Änderung der Installationsgröße des Pakets:
            |       7,6 MiB  erforderlich für Pakete, die installiert werden sollen
       0 B  |  -    7,6 MiB  freigegeben von Paketen, die entfernt werden sollen

Backend:  classic_rpmtrans
Fortfahren? [j/n/v/...? zeigt alle Optionen] (j): j
Im Cache libsoup-devel-3.6.6-160000.1.1.x86_64.rpm (1/1),   1,5 MiB    

Überprüfung auf Dateikonflikte läuft: [..fertig]
(1/1) Installieren: libsoup-devel-3.6.6-160000.1.1.x86_64 [...fertig]
Nach-Transaktions-Skripte werden ausgeführt [...fertig]
IP: ''

Rueckmeldung bei einricht libsoup-devel:
Dienst 'openSUSE' wird aktualisiert.
Repository-Daten werden geladen...
Installierte Pakete werden gelesen...
Installation von 'libsoup-devel-3.6.6-160000.1.1.x86_64' aus Repository 'repo-oss (16.0)' wird erzwungen.
Paketabhängigkeiten werden aufgelöst...

Das folgende Paket wird erneut installiert:
  libsoup-devel

1 zu installierendes Paket.

Größe des Pakets zum Herunterladen:
            |       1,5 MiB  Gesamtpaketgröße
       0 B  |  -    1,5 MiB  bereits im Cache

Änderung der Installationsgröße des Pakets:
            |       7,6 MiB  erforderlich für Pakete, die installiert werden sollen
       0 B  |  -    7,6 MiB  freigegeben von Paketen, die entfernt werden sollen

Backend:  classic_rpmtrans
Fortfahren? [j/n/v/...? zeigt alle Optionen] (j): j
Im Cache libsoup-devel-3.6.6-160000.1.1.x86_64.rpm (1/1),   1,5 MiB    

Überprüfung auf Dateikonflikte läuft: [..fertig]
(1/1) Installieren: libsoup-devel-3.6.6-160000.1.1.x86_64 [....fertig]
Nach-Transaktions-Skripte werden ausgeführt [...fertig]
IP: ''

Rueckmeldung bei einricht libsoup-devel:
Dienst 'openSUSE' wird aktualisiert.
Repository-Daten werden geladen...
Installierte Pakete werden gelesen...
Installation von 'libsoup-devel-3.6.6-160000.1.1.x86_64' aus Repository 'repo-oss (16.0)' wird erzwungen.
Paketabhängigkeiten werden aufgelöst...

Das folgende Paket wird erneut installiert:
  libsoup-devel

1 zu installierendes Paket.

Größe des Pakets zum Herunterladen:
            |       1,5 MiB  Gesamtpaketgröße
       0 B  |  -    1,5 MiB  bereits im Cache

Änderung der Installationsgröße des Pakets:
            |       7,6 MiB  erforderlich für Pakete, die installiert werden sollen
       0 B  |  -    7,6 MiB  freigegeben von Paketen, die entfernt werden sollen

Backend:  classic_rpmtrans
Fortfahren? [j/n/v/...? zeigt alle Optionen] (j): j
Im Cache libsoup-devel-3.6.6-160000.1.1.x86_64.rpm (1/1),   1,5 MiB    

Überprüfung auf Dateikonflikte läuft: [...fertig]
(1/1) Installieren: libsoup-devel-3.6.6-160000.1.1.x86_64 [....fertig]
Nach-Transaktions-Skripte werden ausgeführt [...fertig]
IP: ''

Rueckmeldung bei einricht libsoup-devel:
Dienst 'openSUSE' wird aktualisiert.
Repository-Daten werden geladen...
Installierte Pakete werden gelesen...
Installation von 'libsoup-devel-3.6.6-160000.1.1.x86_64' aus Repository 'repo-oss (16.0)' wird erzwungen.
Paketabhängigkeiten werden aufgelöst...

Das folgende Paket wird erneut installiert:
  libsoup-devel

1 zu installierendes Paket.

Größe des Pakets zum Herunterladen:
            |       1,5 MiB  Gesamtpaketgröße
       0 B  |  -    1,5 MiB  bereits im Cache

Änderung der Installationsgröße des Pakets:
            |       7,6 MiB  erforderlich für Pakete, die installiert werden sollen
       0 B  |  -    7,6 MiB  freigegeben von Paketen, die entfernt werden sollen

Backend:  classic_rpmtrans
Fortfahren? [j/n/v/...? zeigt alle Optionen] (j): j
Im Cache libsoup-devel-3.6.6-160000.1.1.x86_64.rpm (1/1),   1,5 MiB    

Überprüfung auf Dateikonflikte läuft: [...fertig]
(1/1) Installieren: libsoup-devel-3.6.6-160000.1.1.x86_64 [....fertig]
Nach-Transaktions-Skripte werden ausgeführt [...fertig]
IP: ''

Rueckmeldung bei einricht libsoup-devel:
Dienst 'openSUSE' wird aktualisiert.
Repository-Daten werden geladen...
Installierte Pakete werden gelesen...
Installation von 'libsoup-devel-3.6.6-160000.1.1.x86_64' aus Repository 'repo-oss (16.0)' wird erzwungen.
Paketabhängigkeiten werden aufgelöst...

Das folgende Paket wird erneut installiert:
  libsoup-devel

1 zu installierendes Paket.

Größe des Pakets zum Herunterladen:
            |       1,5 MiB  Gesamtpaketgröße
       0 B  |  -    1,5 MiB  bereits im Cache

Änderung der Installationsgröße des Pakets:
            |       7,6 MiB  erforderlich für Pakete, die installiert werden sollen
       0 B  |  -    7,6 MiB  freigegeben von Paketen, die entfernt werden sollen

Backend:  classic_rpmtrans
Fortfahren? [j/n/v/...? zeigt alle Optionen] (j): j
Im Cache libsoup-devel-3.6.6-160000.1.1.x86_64.rpm (1/1),   1,5 MiB    

Überprüfung auf Dateikonflikte läuft: [..fertig]
(1/1) Installieren: libsoup-devel-3.6.6-160000.1.1.x86_64 [....fertig]
Nach-Transaktions-Skripte werden ausgeführt [...fertig]
IP: ''

Rueckmeldung bei einricht libsoup-devel:
IP: ''

Rueckmeldung bei einricht libsoup-devel:
Dienst 'openSUSE' wird aktualisiert.
Repository-Daten werden geladen...
Installierte Pakete werden gelesen...
Installation von 'libsoup-devel-3.6.6-160000.1.1.x86_64' aus Repository 'repo-oss (16.0)' wird erzwungen.
Paketabhängigkeiten werden aufgelöst...

Das folgende Paket wird erneut installiert:
  libsoup-devel

1 zu installierendes Paket.

Größe des Pakets zum Herunterladen:
            |       1,5 MiB  Gesamtpaketgröße
       0 B  |  -    1,5 MiB  bereits im Cache

Änderung der Installationsgröße des Pakets:
            |       7,6 MiB  erforderlich für Pakete, die installiert werden sollen
       0 B  |  -    7,6 MiB  freigegeben von Paketen, die entfernt werden sollen

Backend:  classic_rpmtrans
Fortfahren? [j/n/v/...? zeigt alle Optionen] (j): j
Im Cache libsoup-devel-3.6.6-160000.1.1.x86_64.rpm (1/1),   1,5 MiB    

Überprüfung auf Dateikonflikte läuft: [..fertig]
(1/1) Installieren: libsoup-devel-3.6.6-160000.1.1.x86_64 [....fertig]
Nach-Transaktions-Skripte werden ausgeführt [...fertig]
IP: ''

Rueckmeldung bei einricht libsoup-devel:
Dienst 'openSUSE' wird aktualisiert.
Repository-Daten werden geladen...
Installierte Pakete werden gelesen...
Installation von 'libsoup-devel-3.6.6-160000.1.1.x86_64' aus Repository 'repo-oss (16.0)' wird erzwungen.
Paketabhängigkeiten werden aufgelöst...

Das folgende Paket wird erneut installiert:
  libsoup-devel

1 zu installierendes Paket.

Größe des Pakets zum Herunterladen:
            |       1,5 MiB  Gesamtpaketgröße
       0 B  |  -    1,5 MiB  bereits im Cache

Änderung der Installationsgröße des Pakets:
            |       7,6 MiB  erforderlich für Pakete, die installiert werden sollen
       0 B  |  -    7,6 MiB  freigegeben von Paketen, die entfernt werden sollen

Backend:  classic_rpmtrans
Fortfahren? [j/n/v/...? zeigt alle Optionen] (j): j
Im Cache libsoup-devel-3.6.6-160000.1.1.x86_64.rpm (1/1),   1,5 MiB    

Überprüfung auf Dateikonflikte läuft: [..fertig]
(1/1) Installieren: libsoup-devel-3.6.6-160000.1.1.x86_64 [....fertig]
Nach-Transaktions-Skripte werden ausgeführt [...fertig]
IP: ''

Rueckmeldung bei einricht libsoup-devel:
Dienst 'openSUSE' wird aktualisiert.
Repository-Daten werden geladen...
Installierte Pakete werden gelesen...
Installation von 'libsoup-devel-3.6.6-160000.1.1.x86_64' aus Repository 'repo-oss (16.0)' wird erzwungen.
Paketabhängigkeiten werden aufgelöst...

Das folgende Paket wird erneut installiert:
  libsoup-devel

1 zu installierendes Paket.

Größe des Pakets zum Herunterladen:
            |       1,5 MiB  Gesamtpaketgröße
       0 B  |  -    1,5 MiB  bereits im Cache

Änderung der Installationsgröße des Pakets:
            |       7,6 MiB  erforderlich für Pakete, die installiert werden sollen
       0 B  |  -    7,6 MiB  freigegeben von Paketen, die entfernt werden sollen

Backend:  classic_rpmtrans
Fortfahren? [j/n/v/...? zeigt alle Optionen] (j): j
Im Cache libsoup-devel-3.6.6-160000.1.1.x86_64.rpm (1/1),   1,5 MiB    

Überprüfung auf Dateikonflikte läuft: [..fertig]
(1/1) Installieren: libsoup-devel-3.6.6-160000.1.1.x86_64 [....fertig]
Nach-Transaktions-Skripte werden ausgeführt [...fertig]
IP: ''

Rueckmeldung bei einricht libsoup-devel:
Dienst 'openSUSE' wird aktualisiert.
Repository-Daten werden geladen...
Installierte Pakete werden gelesen...
Installation von 'libsoup-devel-3.6.6-160000.1.1.x86_64' aus Repository 'repo-oss (16.0)' wird erzwungen.
Paketabhängigkeiten werden aufgelöst...

Das folgende Paket wird erneut installiert:
  libsoup-devel

1 zu installierendes Paket.

Größe des Pakets zum Herunterladen:
            |       1,5 MiB  Gesamtpaketgröße
       0 B  |  -    1,5 MiB  bereits im Cache

Änderung der Installationsgröße des Pakets:
            |       7,6 MiB  erforderlich für Pakete, die installiert werden sollen
       0 B  |  -    7,6 MiB  freigegeben von Paketen, die entfernt werden sollen

Backend:  classic_rpmtrans
Fortfahren? [j/n/v/...? zeigt alle Optionen] (j): j
Im Cache libsoup-devel-3.6.6-160000.1.1.x86_64.rpm (1/1),   1,5 MiB    

Überprüfung auf Dateikonflikte läuft: [..fertig]
(1/1) Installieren: libsoup-devel-3.6.6-160000.1.1.x86_64 [....fertig]
Nach-Transaktions-Skripte werden ausgeführt [...fertig]
IP: ''

Rueckmeldung bei einricht libsoup-devel:
Dienst 'openSUSE' wird aktualisiert.
Repository-Daten werden geladen...
Installierte Pakete werden gelesen...
Installation von 'libsoup-devel-3.6.6-160000.1.1.x86_64' aus Repository 'repo-oss (16.0)' wird erzwungen.
Paketabhängigkeiten werden aufgelöst...

Das folgende Paket wird erneut installiert:
  libsoup-devel

1 zu installierendes Paket.

Größe des Pakets zum Herunterladen:
            |       1,5 MiB  Gesamtpaketgröße
       0 B  |  -    1,5 MiB  bereits im Cache

Änderung der Installationsgröße des Pakets:
            |       7,6 MiB  erforderlich für Pakete, die installiert werden sollen
       0 B  |  -    7,6 MiB  freigegeben von Paketen, die entfernt werden sollen

Backend:  classic_rpmtrans
Fortfahren? [j/n/v/...? zeigt alle Optionen] (j): j
Im Cache libsoup-devel-3.6.6-160000.1.1.x86_64.rpm (1/1),   1,5 MiB    

Überprüfung auf Dateikonflikte läuft: [..fertig]
(1/1) Installieren: libsoup-devel-3.6.6-160000.1.1.x86_64 [....fertig]
Nach-Transaktions-Skripte werden ausgeführt [...fertig]
IP: ''

Rueckmeldung bei einricht libsoup-devel:
Dienst 'openSUSE' wird aktualisiert.
Repository-Daten werden geladen...
Installierte Pakete werden gelesen...
Installation von 'libsoup-devel-3.6.6-160000.1.1.x86_64' aus Repository 'repo-oss (16.0)' wird erzwungen.
Paketabhängigkeiten werden aufgelöst...

Das folgende Paket wird erneut installiert:
  libsoup-devel

1 zu installierendes Paket.

Größe des Pakets zum Herunterladen:
            |       1,5 MiB  Gesamtpaketgröße
       0 B  |  -    1,5 MiB  bereits im Cache

Änderung der Installationsgröße des Pakets:
            |       7,6 MiB  erforderlich für Pakete, die installiert werden sollen
       0 B  |  -    7,6 MiB  freigegeben von Paketen, die entfernt werden sollen

Backend:  classic_rpmtrans
Fortfahren? [j/n/v/...? zeigt alle Optionen] (j): j
Im Cache libsoup-devel-3.6.6-160000.1.1.x86_64.rpm (1/1),   1,5 MiB    

Überprüfung auf Dateikonflikte läuft: [..fertig]
(1/1) Installieren: libsoup-devel-3.6.6-160000.1.1.x86_64 [...fertig]
Nach-Transaktions-Skripte werden ausgeführt [...fertig]
IP: ''

Rueckmeldung bei einricht libsoup-devel:
Dienst 'openSUSE' wird aktualisiert.
Repository-Daten werden geladen...
Installierte Pakete werden gelesen...
Installation von 'libsoup-devel-3.6.6-160000.1.1.x86_64' aus Repository 'repo-oss (16.0)' wird erzwungen.
Paketabhängigkeiten werden aufgelöst...

Das folgende Paket wird erneut installiert:
  libsoup-devel

1 zu installierendes Paket.

Größe des Pakets zum Herunterladen:
            |       1,5 MiB  Gesamtpaketgröße
       0 B  |  -    1,5 MiB  bereits im Cache

Änderung der Installationsgröße des Pakets:
            |       7,6 MiB  erforderlich für Pakete, die installiert werden sollen
       0 B  |  -    7,6 MiB  freigegeben von Paketen, die entfernt werden sollen

Backend:  classic_rpmtrans
Fortfahren? [j/n/v/...? zeigt alle Optionen] (j): j
Im Cache libsoup-devel-3.6.6-160000.1.1.x86_64.rpm (1/1),   1,5 MiB    

Überprüfung auf Dateikonflikte läuft: [....fertig]
(1/1) Installieren: libsoup-devel-3.6.6-160000.1.1.x86_64 [....fertig]
Nach-Transaktions-Skripte werden ausgeführt [...fertig]
IP: ''

Rueckmeldung bei einricht verbose:
Dienst 'openSUSE' wird aktualisiert.
Repository-Daten werden geladen...
Installierte Pakete werden gelesen...
'verbose' wurde in den Paketnamen nicht gefunden. Fähigkeiten werden durchsucht.
IP: ''

Rueckmeldung bei einricht verbose:
Dienst 'openSUSE' wird aktualisiert.
Repository-Daten werden geladen...
Installierte Pakete werden gelesen...
'verbose' wurde in den Paketnamen nicht gefunden. Fähigkeiten werden durchsucht.
IP: ''

Rueckmeldung bei einricht libsoup-devel:
Dienst 'openSUSE' wird aktualisiert.
Repository-Daten werden geladen...
Installierte Pakete werden gelesen...
Installation von 'libsoup-devel-3.6.6-160000.1.1.x86_64' aus Repository 'repo-oss (16.0)' wird erzwungen.
Paketabhängigkeiten werden aufgelöst...

Das folgende Paket wird erneut installiert:
  libsoup-devel

1 zu installierendes Paket.

Größe des Pakets zum Herunterladen:
            |       1,5 MiB  Gesamtpaketgröße
       0 B  |  -    1,5 MiB  bereits im Cache

Änderung der Installationsgröße des Pakets:
            |       7,6 MiB  erforderlich für Pakete, die installiert werden sollen
       0 B  |  -    7,6 MiB  freigegeben von Paketen, die entfernt werden sollen

Backend:  classic_rpmtrans
Fortfahren? [j/n/v/...? zeigt alle Optionen] (j): j
Im Cache libsoup-devel-3.6.6-160000.1.1.x86_64.rpm (1/1),   1,5 MiB    

Überprüfung auf Dateikonflikte läuft: [..fertig]
(1/1) Installieren: libsoup-devel-3.6.6-160000.1.1.x86_64 [....fertig]
Nach-Transaktions-Skripte werden ausgeführt [...fertig]
IP: ''

Rueckmeldung bei einricht verbose:
Dienst 'openSUSE' wird aktualisiert.
Repository-Daten werden geladen...
Installierte Pakete werden gelesen...
'verbose' wurde in den Paketnamen nicht gefunden. Fähigkeiten werden durchsucht.
IP: ''

Rueckmeldung bei einricht verbose:
Dienst 'openSUSE' wird aktualisiert.
Repository-Daten werden geladen...
Installierte Pakete werden gelesen...
'verbose' wurde in den Paketnamen nicht gefunden. Fähigkeiten werden durchsucht.
IP: ''

Rueckmeldung bei einricht libsoup-devel:
Dienst 'openSUSE' wird aktualisiert.
Repository-Daten werden geladen...
Installierte Pakete werden gelesen...
Installation von 'libsoup-devel-3.6.6-160000.1.1.x86_64' aus Repository 'repo-oss (16.0)' wird erzwungen.
Paketabhängigkeiten werden aufgelöst...

Das folgende Paket wird erneut installiert:
  libsoup-devel

1 zu installierendes Paket.

Größe des Pakets zum Herunterladen:
            |       1,5 MiB  Gesamtpaketgröße
       0 B  |  -    1,5 MiB  bereits im Cache

Änderung der Installationsgröße des Pakets:
            |       7,6 MiB  erforderlich für Pakete, die installiert werden sollen
       0 B  |  -    7,6 MiB  freigegeben von Paketen, die entfernt werden sollen

Backend:  classic_rpmtrans
Fortfahren? [j/n/v/...? zeigt alle Optionen] (j): j
Im Cache libsoup-devel-3.6.6-160000.1.1.x86_64.rpm (1/1),   1,5 MiB    

Überprüfung auf Dateikonflikte läuft: [..fertig]
(1/1) Installieren: libsoup-devel-3.6.6-160000.1.1.x86_64 [...fertig]
Nach-Transaktions-Skripte werden ausgeführt [...fertig]
IP: ''

Rueckmeldung bei einricht verbose:
Dienst 'openSUSE' wird aktualisiert.
Repository-Daten werden geladen...
Installierte Pakete werden gelesen...
'verbose' wurde in den Paketnamen nicht gefunden. Fähigkeiten werden durchsucht.
IP: ''

Rueckmeldung bei einricht verbose:
Dienst 'openSUSE' wird aktualisiert.
Repository-Daten werden geladen...
Installierte Pakete werden gelesen...
'verbose' wurde in den Paketnamen nicht gefunden. Fähigkeiten werden durchsucht.
IP: ''

Rueckmeldung bei einricht libsoup-devel:
Dienst 'openSUSE' wird aktualisiert.
Repository-Daten werden geladen...
Installierte Pakete werden gelesen...
Installation von 'libsoup-devel-3.6.6-160000.1.1.x86_64' aus Repository 'repo-oss (16.0)' wird erzwungen.
Paketabhängigkeiten werden aufgelöst...

Das folgende Paket wird erneut installiert:
  libsoup-devel

1 zu installierendes Paket.

Größe des Pakets zum Herunterladen:
            |       1,5 MiB  Gesamtpaketgröße
       0 B  |  -    1,5 MiB  bereits im Cache

Änderung der Installationsgröße des Pakets:
            |       7,6 MiB  erforderlich für Pakete, die installiert werden sollen
       0 B  |  -    7,6 MiB  freigegeben von Paketen, die entfernt werden sollen

Backend:  classic_rpmtrans
Fortfahren? [j/n/v/...? zeigt alle Optionen] (j): j
Im Cache libsoup-devel-3.6.6-160000.1.1.x86_64.rpm (1/1),   1,5 MiB    

Überprüfung auf Dateikonflikte läuft: [..fertig]
(1/1) Installieren: libsoup-devel-3.6.6-160000.1.1.x86_64 [....fertig]
Nach-Transaktions-Skripte werden ausgeführt [...fertig]
IP: ''

Rueckmeldung bei einricht verbose:
Dienst 'openSUSE' wird aktualisiert.
Repository-Daten werden geladen...
Installierte Pakete werden gelesen...
'verbose' wurde in den Paketnamen nicht gefunden. Fähigkeiten werden durchsucht.
IP: ''

Rueckmeldung bei einricht verbose:
Dienst 'openSUSE' wird aktualisiert.
Repository-Daten werden geladen...
Installierte Pakete werden gelesen...
'verbose' wurde in den Paketnamen nicht gefunden. Fähigkeiten werden durchsucht.
IP: ''

Rueckmeldung bei einricht libsoup-devel:
Dienst 'openSUSE' wird aktualisiert.
Repository-Daten werden geladen...
Installierte Pakete werden gelesen...
Installation von 'libsoup-devel-3.6.6-160000.1.1.x86_64' aus Repository 'repo-oss (16.0)' wird erzwungen.
Paketabhängigkeiten werden aufgelöst...

Das folgende Paket wird erneut installiert:
  libsoup-devel

1 zu installierendes Paket.

Größe des Pakets zum Herunterladen:
            |       1,5 MiB  Gesamtpaketgröße
       0 B  |  -    1,5 MiB  bereits im Cache

Änderung der Installationsgröße des Pakets:
            |       7,6 MiB  erforderlich für Pakete, die installiert werden sollen
       0 B  |  -    7,6 MiB  freigegeben von Paketen, die entfernt werden sollen

Backend:  classic_rpmtrans
Fortfahren? [j/n/v/...? zeigt alle Optionen] (j): j
Im Cache libsoup-devel-3.6.6-160000.1.1.x86_64.rpm (1/1),   1,5 MiB    

Überprüfung auf Dateikonflikte läuft: [...fertig]
(1/1) Installieren: libsoup-devel-3.6.6-160000.1.1.x86_64 [...fertig]
Nach-Transaktions-Skripte werden ausgeführt [...fertig]
IP: ''

Rueckmeldung bei einricht verbose:
Dienst 'openSUSE' wird aktualisiert.
Repository-Daten werden geladen...
Installierte Pakete werden gelesen...
'verbose' wurde in den Paketnamen nicht gefunden. Fähigkeiten werden durchsucht.
IP: ''

Rueckmeldung bei einricht verbose:
Dienst 'openSUSE' wird aktualisiert.
Repository-Daten werden geladen...
Installierte Pakete werden gelesen...
'verbose' wurde in den Paketnamen nicht gefunden. Fähigkeiten werden durchsucht.
IP: ''

Rueckmeldung bei einricht libsoup-devel:
Dienst 'openSUSE' wird aktualisiert.
Repository-Daten werden geladen...
Installierte Pakete werden gelesen...
Installation von 'libsoup-devel-3.6.6-160000.2.1.x86_64' aus Repository 'repo-oss (16.0)' wird erzwungen.
Paketabhängigkeiten werden aufgelöst...

Das folgende Paket wird aktualisiert:
  libsoup-devel

1 Paket wird aktualisiert.

Größe des Pakets zum Herunterladen:     1,5 MiB

Änderung der Installationsgröße des Pakets:
            |       7,6 MiB  erforderlich für Pakete, die installiert werden sollen
     452 B  |  -    7,6 MiB  freigegeben von Paketen, die entfernt werden sollen

Backend:  classic_rpmtrans
Fortfahren? [j/n/v/...? zeigt alle Optionen] (j): j
Pakete vorladen [..
Vorladen: libsoup-devel-3.6.6-160000.2.1.x86_64.rpm [fertig]
.fertig]
Abrufen: libsoup-devel-3.6.6-160000.2.1.x86_64 (repo-oss (16.0)) (1/1),   1,5 MiB    

Überprüfung auf Dateikonflikte läuft: [...fertig]
(1/1) Installieren: libsoup-devel-3.6.6-160000.2.1.x86_64 [....fertig]
Nach-Transaktions-Skripte werden ausgeführt [...fertig]
 
IP: ''

Rueckmeldung bei einricht libsoup-devel:
Dienst 'openSUSE' wird aktualisiert.
Repository-Daten werden geladen...
Installierte Pakete werden gelesen...
Installation von 'libsoup-devel-3.6.6-160000.2.1.x86_64' aus Repository 'repo-oss (16.0)' wird erzwungen.
Paketabhängigkeiten werden aufgelöst...

Das folgende Paket wird erneut installiert:
  libsoup-devel

1 zu installierendes Paket.

Paketgröße zum Herunterladen:
            |       1,5 MiB  Gesamtpaketgröße
       0 B  |  -    1,5 MiB  bereits im Cache

Änderung der Installationsgröße des Pakets:
            |       7,6 MiB  erforderlich für Pakete, die installiert werden sollen
       0 B  |  -    7,6 MiB  freigegeben von Paketen, die entfernt werden sollen

Backend:  classic_rpmtrans
Fortfahren? [j/n/v/...? zeigt alle Optionen] (j): j
Im Cache libsoup-devel-3.6.6-160000.2.1.x86_64.rpm (1/1),   1,5 MiB    

Überprüfung auf Dateikonflikte läuft: [...fertig]
(1/1) Installieren: libsoup-devel-3.6.6-160000.2.1.x86_64 [...fertig]
Nach-Transaktions-Skripte werden ausgeführt [...fertig]
IP: ''

Rueckmeldung bei einricht libsoup-devel:
Dienst 'openSUSE' wird aktualisiert.
Repository-Daten werden geladen...
Installierte Pakete werden gelesen...
Installation von 'libsoup-devel-3.6.6-160000.2.1.x86_64' aus Repository 'repo-oss (16.0)' wird erzwungen.
Paketabhängigkeiten werden aufgelöst...

Das folgende Paket wird erneut installiert:
  libsoup-devel

1 zu installierendes Paket.

Paketgröße zum Herunterladen:
            |       1,5 MiB  Gesamtpaketgröße
       0 B  |  -    1,5 MiB  bereits im Cache

Änderung der Installationsgröße des Pakets:
            |       7,6 MiB  erforderlich für Pakete, die installiert werden sollen
       0 B  |  -    7,6 MiB  freigegeben von Paketen, die entfernt werden sollen

Backend:  classic_rpmtrans
Fortfahren? [j/n/v/...? zeigt alle Optionen] (j): j
Im Cache libsoup-devel-3.6.6-160000.2.1.x86_64.rpm (1/1),   1,5 MiB    

Überprüfung auf Dateikonflikte läuft: [....fertig]
(1/1) Installieren: libsoup-devel-3.6.6-160000.2.1.x86_64 [....fertig]
Nach-Transaktions-Skripte werden ausgeführt [...fertig]
IP: ''

Rueckmeldung bei einricht verbose:
Dienst 'openSUSE' wird aktualisiert.
Repository-Daten werden geladen...
Installierte Pakete werden gelesen...
'verbose' wurde in den Paketnamen nicht gefunden. Fähigkeiten werden durchsucht.
IP: ''

Rueckmeldung bei einricht verbose:
Dienst 'openSUSE' wird aktualisiert.
Repository-Daten werden geladen...
Installierte Pakete werden gelesen...
'verbose' wurde in den Paketnamen nicht gefunden. Fähigkeiten werden durchsucht.
IP: ''
